interactions:
- request:
    body: '{"title": "test", "file_url": "https://assets.documentcloud.org/documents/20071460/test.pdf"}'
    headers:
      Accept:
      - '*/*'
      Accept-Encoding:
      - gzip, deflate
      Authorization:
      - Bearer eyJ0eXAiOiJKV1QiLCJhbGciOiJSUzI1NiJ9.eyJ0b2tlbl90eXBlIjoiYWNjZXNzIiwiZXhwIjoxNTkxODQyMDI1LCJqdGkiOiJmZmYyNDRmOTY2M2Q0NzU4OWRlNGIwZDIxM2IwZWZmNCIsInVzZXJfaWQiOiJhN2ExYmYyNy00ZjVhLTRjMDYtOTZjMi0yZDgxMmM1MWI2MWYifQ.pzbZpGJiWRsYF-3au5YiFNiHcNDuYpu4z3IkHkzeFKF4FrL16-QmEvH-_h-SMx1fzF8sRLe4XA1wG1Tig1c6qSB4DPdhfDISIHBEgoZIt8W8f2dpHGgeT5_3jhvSKR8Vi0plGObcYAhcMLgQ9leA3rZlXYB7OoW4zTuZ8_JQRFGqF1MFYhZhrXSX8ozJCKorfv2n4fxri_Zk3CmU6VWdUE4zNxqJqmaYtPjVQxdtHqZicffa3ATqvXKopIPxyYfwERKtZe8fDkV0esPkuLmP4R5ZwmRWfiTNucJ5pvpT-oA5DUm1jP0anXg3ZdH6nbQeQKrUoZ7BczsxLv1EWXMaIg
      Connection:
      - keep-alive
      Content-Length:
      - '93'
      Content-Type:
      - application/json
      User-Agent:
      - python-requests/2.23.0
    method: POST
    uri: http://api.dev.documentcloud.org/api/documents/
  response:
    body:
      string: '{"id":10000641,"access":"private","asset_url":"http://api.dev.documentcloud.org/files/","canonical_url":"http://www.dev.documentcloud.org/documents/10000641-test","created_at":"2020-06-11T02:16:00.040616Z","data":{},"description":"","edit_access":true,"language":"eng","organization":11343,"page_count":0,"page_spec":"","projects":[],"related_article":"","published_url":"","slug":"test","source":"","status":"nofile","title":"test","updated_at":"2020-06-11T02:16:00.041112Z","user":100098}'
    headers:
      Allow:
      - GET, POST, PUT, PATCH, DELETE, HEAD, OPTIONS
      Cache-Control:
      - no-cache
      Connection:
      - keep-alive
      Content-Language:
      - en
      Content-Length:
      - '490'
      Content-Type:
      - application/json
      Date:
      - Thu, 11 Jun 2020 02:16:00 GMT
      Server:
      - nginx/1.15.1
      Vary:
      - Accept, Origin, Accept-Language, Cookie
      X-Frame-Options:
      - DENY
      X-XSS-Protection:
      - 1; mode=block
    status:
      code: 201
      message: Created
- request:
    body: null
    headers:
      Accept:
      - '*/*'
      Accept-Encoding:
      - gzip, deflate
      Authorization:
      - Bearer eyJ0eXAiOiJKV1QiLCJhbGciOiJSUzI1NiJ9.eyJ0b2tlbl90eXBlIjoiYWNjZXNzIiwiZXhwIjoxNTkxODQyMDI1LCJqdGkiOiJmZmYyNDRmOTY2M2Q0NzU4OWRlNGIwZDIxM2IwZWZmNCIsInVzZXJfaWQiOiJhN2ExYmYyNy00ZjVhLTRjMDYtOTZjMi0yZDgxMmM1MWI2MWYifQ.pzbZpGJiWRsYF-3au5YiFNiHcNDuYpu4z3IkHkzeFKF4FrL16-QmEvH-_h-SMx1fzF8sRLe4XA1wG1Tig1c6qSB4DPdhfDISIHBEgoZIt8W8f2dpHGgeT5_3jhvSKR8Vi0plGObcYAhcMLgQ9leA3rZlXYB7OoW4zTuZ8_JQRFGqF1MFYhZhrXSX8ozJCKorfv2n4fxri_Zk3CmU6VWdUE4zNxqJqmaYtPjVQxdtHqZicffa3ATqvXKopIPxyYfwERKtZe8fDkV0esPkuLmP4R5ZwmRWfiTNucJ5pvpT-oA5DUm1jP0anXg3ZdH6nbQeQKrUoZ7BczsxLv1EWXMaIg
      Connection:
      - keep-alive
      User-Agent:
      - python-requests/2.23.0
    method: GET
    uri: http://api.dev.documentcloud.org/api/documents/10000641/
  response:
    body:
      string: '{"id":10000641,"access":"private","asset_url":"http://api.dev.documentcloud.org/files/","canonical_url":"http://www.dev.documentcloud.org/documents/10000641-test","created_at":"2020-06-11T02:16:00.040616Z","data":{},"description":"","edit_access":true,"language":"eng","organization":11343,"page_count":1,"page_spec":"","projects":[],"related_article":"","published_url":"","slug":"test","source":"","status":"pending","title":"test","updated_at":"2020-06-11T02:16:00.960482Z","user":100098}'
    headers:
      Allow:
      - GET, PUT, PATCH, DELETE, HEAD, OPTIONS
      Cache-Control:
      - private, no-cache
      Connection:
      - keep-alive
      Content-Language:
      - en
      Content-Length:
      - '491'
      Content-Type:
      - application/json
      Date:
      - Thu, 11 Jun 2020 02:16:01 GMT
      Server:
      - nginx/1.15.1
      Vary:
      - Cookie, Accept, Origin, Accept-Language
      X-Frame-Options:
      - DENY
      X-XSS-Protection:
      - 1; mode=block
    status:
      code: 200
      message: OK
- request:
    body: null
    headers:
      Accept:
      - '*/*'
      Accept-Encoding:
      - gzip, deflate
      Authorization:
      - Bearer eyJ0eXAiOiJKV1QiLCJhbGciOiJSUzI1NiJ9.eyJ0b2tlbl90eXBlIjoiYWNjZXNzIiwiZXhwIjoxNTkxODQyMDI1LCJqdGkiOiJmZmYyNDRmOTY2M2Q0NzU4OWRlNGIwZDIxM2IwZWZmNCIsInVzZXJfaWQiOiJhN2ExYmYyNy00ZjVhLTRjMDYtOTZjMi0yZDgxMmM1MWI2MWYifQ.pzbZpGJiWRsYF-3au5YiFNiHcNDuYpu4z3IkHkzeFKF4FrL16-QmEvH-_h-SMx1fzF8sRLe4XA1wG1Tig1c6qSB4DPdhfDISIHBEgoZIt8W8f2dpHGgeT5_3jhvSKR8Vi0plGObcYAhcMLgQ9leA3rZlXYB7OoW4zTuZ8_JQRFGqF1MFYhZhrXSX8ozJCKorfv2n4fxri_Zk3CmU6VWdUE4zNxqJqmaYtPjVQxdtHqZicffa3ATqvXKopIPxyYfwERKtZe8fDkV0esPkuLmP4R5ZwmRWfiTNucJ5pvpT-oA5DUm1jP0anXg3ZdH6nbQeQKrUoZ7BczsxLv1EWXMaIg
      Connection:
      - keep-alive
      User-Agent:
      - python-requests/2.23.0
    method: GET
    uri: http://api.dev.documentcloud.org/api/documents/10000641/
  response:
    body:
      string: '{"id":10000641,"access":"private","asset_url":"http://api.dev.documentcloud.org/files/","canonical_url":"http://www.dev.documentcloud.org/documents/10000641-test","created_at":"2020-06-11T02:16:00.040616Z","data":{},"description":"","edit_access":true,"language":"eng","organization":11343,"page_count":1,"page_spec":"","projects":[],"related_article":"","published_url":"","slug":"test","source":"","status":"pending","title":"test","updated_at":"2020-06-11T02:16:00.960482Z","user":100098}'
    headers:
      Allow:
      - GET, PUT, PATCH, DELETE, HEAD, OPTIONS
      Cache-Control:
      - private, no-cache
      Connection:
      - keep-alive
      Content-Language:
      - en
      Content-Length:
      - '491'
      Content-Type:
      - application/json
      Date:
      - Thu, 11 Jun 2020 02:16:02 GMT
      Server:
      - nginx/1.15.1
      Vary:
      - Cookie, Accept, Origin, Accept-Language
      X-Frame-Options:
      - DENY
      X-XSS-Protection:
      - 1; mode=block
    status:
      code: 200
      message: OK
- request:
    body: null
    headers:
      Accept:
      - '*/*'
      Accept-Encoding:
      - gzip, deflate
      Authorization:
      - Bearer eyJ0eXAiOiJKV1QiLCJhbGciOiJSUzI1NiJ9.eyJ0b2tlbl90eXBlIjoiYWNjZXNzIiwiZXhwIjoxNTkxODQyMDI1LCJqdGkiOiJmZmYyNDRmOTY2M2Q0NzU4OWRlNGIwZDIxM2IwZWZmNCIsInVzZXJfaWQiOiJhN2ExYmYyNy00ZjVhLTRjMDYtOTZjMi0yZDgxMmM1MWI2MWYifQ.pzbZpGJiWRsYF-3au5YiFNiHcNDuYpu4z3IkHkzeFKF4FrL16-QmEvH-_h-SMx1fzF8sRLe4XA1wG1Tig1c6qSB4DPdhfDISIHBEgoZIt8W8f2dpHGgeT5_3jhvSKR8Vi0plGObcYAhcMLgQ9leA3rZlXYB7OoW4zTuZ8_JQRFGqF1MFYhZhrXSX8ozJCKorfv2n4fxri_Zk3CmU6VWdUE4zNxqJqmaYtPjVQxdtHqZicffa3ATqvXKopIPxyYfwERKtZe8fDkV0esPkuLmP4R5ZwmRWfiTNucJ5pvpT-oA5DUm1jP0anXg3ZdH6nbQeQKrUoZ7BczsxLv1EWXMaIg
      Connection:
      - keep-alive
      User-Agent:
      - python-requests/2.23.0
    method: GET
    uri: http://api.dev.documentcloud.org/api/documents/10000641/
  response:
    body:
      string: '{"id":10000641,"access":"private","asset_url":"http://api.dev.documentcloud.org/files/","canonical_url":"http://www.dev.documentcloud.org/documents/10000641-test","created_at":"2020-06-11T02:16:00.040616Z","data":{},"description":"","edit_access":true,"language":"eng","organization":11343,"page_count":1,"page_spec":"612.0x792.0:0","projects":[],"related_article":"","published_url":"","slug":"test","source":"","status":"pending","title":"test","updated_at":"2020-06-11T02:16:03.016464Z","user":100098}'
    headers:
      Allow:
      - GET, PUT, PATCH, DELETE, HEAD, OPTIONS
      Cache-Control:
      - private, no-cache
      Connection:
      - keep-alive
      Content-Language:
      - en
      Content-Length:
      - '504'
      Content-Type:
      - application/json
      Date:
      - Thu, 11 Jun 2020 02:16:03 GMT
      Server:
      - nginx/1.15.1
      Vary:
      - Cookie, Accept, Origin, Accept-Language
      X-Frame-Options:
      - DENY
      X-XSS-Protection:
      - 1; mode=block
    status:
      code: 200
      message: OK
- request:
    body: null
    headers:
      Accept:
      - '*/*'
      Accept-Encoding:
      - gzip, deflate
      Authorization:
      - Bearer eyJ0eXAiOiJKV1QiLCJhbGciOiJSUzI1NiJ9.eyJ0b2tlbl90eXBlIjoiYWNjZXNzIiwiZXhwIjoxNTkxODQyMDI1LCJqdGkiOiJmZmYyNDRmOTY2M2Q0NzU4OWRlNGIwZDIxM2IwZWZmNCIsInVzZXJfaWQiOiJhN2ExYmYyNy00ZjVhLTRjMDYtOTZjMi0yZDgxMmM1MWI2MWYifQ.pzbZpGJiWRsYF-3au5YiFNiHcNDuYpu4z3IkHkzeFKF4FrL16-QmEvH-_h-SMx1fzF8sRLe4XA1wG1Tig1c6qSB4DPdhfDISIHBEgoZIt8W8f2dpHGgeT5_3jhvSKR8Vi0plGObcYAhcMLgQ9leA3rZlXYB7OoW4zTuZ8_JQRFGqF1MFYhZhrXSX8ozJCKorfv2n4fxri_Zk3CmU6VWdUE4zNxqJqmaYtPjVQxdtHqZicffa3ATqvXKopIPxyYfwERKtZe8fDkV0esPkuLmP4R5ZwmRWfiTNucJ5pvpT-oA5DUm1jP0anXg3ZdH6nbQeQKrUoZ7BczsxLv1EWXMaIg
      Connection:
      - keep-alive
      User-Agent:
      - python-requests/2.23.0
    method: GET
    uri: http://api.dev.documentcloud.org/api/documents/10000641/
  response:
    body:
      string: '{"id":10000641,"access":"private","asset_url":"http://api.dev.documentcloud.org/files/","canonical_url":"http://www.dev.documentcloud.org/documents/10000641-test","created_at":"2020-06-11T02:16:00.040616Z","data":{},"description":"","edit_access":true,"language":"eng","organization":11343,"page_count":1,"page_spec":"612.0x792.0:0","projects":[],"related_article":"","published_url":"","slug":"test","source":"","status":"success","title":"test","updated_at":"2020-06-11T02:16:03.685176Z","user":100098}'
    headers:
      Allow:
      - GET, PUT, PATCH, DELETE, HEAD, OPTIONS
      Cache-Control:
      - private, no-cache
      Connection:
      - keep-alive
      Content-Language:
      - en
      Content-Length:
      - '504'
      Content-Type:
      - application/json
      Date:
      - Thu, 11 Jun 2020 02:16:04 GMT
      Server:
      - nginx/1.15.1
      Vary:
      - Cookie, Accept, Origin, Accept-Language
      X-Frame-Options:
      - DENY
      X-XSS-Protection:
      - 1; mode=block
    status:
      code: 200
      message: OK
- request:
    body: '{"description": "This is a project for testing", "private": true, "title":
      "This is a project for testing 277de949-9be7-412d-8e1b-032a678d6faa"}'
    headers:
      Accept:
      - '*/*'
      Accept-Encoding:
      - gzip, deflate
      Authorization:
      - Bearer eyJ0eXAiOiJKV1QiLCJhbGciOiJSUzI1NiJ9.eyJ0b2tlbl90eXBlIjoiYWNjZXNzIiwiZXhwIjoxNTkxODQyMDI1LCJqdGkiOiJmZmYyNDRmOTY2M2Q0NzU4OWRlNGIwZDIxM2IwZWZmNCIsInVzZXJfaWQiOiJhN2ExYmYyNy00ZjVhLTRjMDYtOTZjMi0yZDgxMmM1MWI2MWYifQ.pzbZpGJiWRsYF-3au5YiFNiHcNDuYpu4z3IkHkzeFKF4FrL16-QmEvH-_h-SMx1fzF8sRLe4XA1wG1Tig1c6qSB4DPdhfDISIHBEgoZIt8W8f2dpHGgeT5_3jhvSKR8Vi0plGObcYAhcMLgQ9leA3rZlXYB7OoW4zTuZ8_JQRFGqF1MFYhZhrXSX8ozJCKorfv2n4fxri_Zk3CmU6VWdUE4zNxqJqmaYtPjVQxdtHqZicffa3ATqvXKopIPxyYfwERKtZe8fDkV0esPkuLmP4R5ZwmRWfiTNucJ5pvpT-oA5DUm1jP0anXg3ZdH6nbQeQKrUoZ7BczsxLv1EWXMaIg
      Connection:
      - keep-alive
      Content-Length:
      - '144'
      Content-Type:
      - application/json
      User-Agent:
      - python-requests/2.23.0
    method: PUT
    uri: http://api.dev.documentcloud.org/api/projects/100252/
  response:
    body:
      string: '{"id":100252,"created_at":"2020-06-11T02:15:03.722510Z","description":"This
        is a project for testing","edit_access":true,"private":true,"slug":"this-is-a-project-for-testing-277de949-9be7-412d-8e1b-032a678d6faa","title":"This
        is a project for testing 277de949-9be7-412d-8e1b-032a678d6faa","updated_at":"2020-06-11T02:16:04.910983Z","user":100098}'
    headers:
      Allow:
      - GET, PUT, PATCH, DELETE, HEAD, OPTIONS
      Connection:
      - keep-alive
      Content-Language:
      - en
      Content-Length:
      - '346'
      Content-Type:
      - application/json
      Date:
      - Thu, 11 Jun 2020 02:16:04 GMT
      Server:
      - nginx/1.15.1
      Vary:
      - Accept, Origin, Accept-Language, Cookie
      X-Frame-Options:
      - DENY
      X-XSS-Protection:
      - 1; mode=block
    status:
      code: 200
      message: OK
- request:
    body: '[{"document": 10000627}, {"document": 10000628}, {"document": 10000641}]'
    headers:
      Accept:
      - '*/*'
      Accept-Encoding:
      - gzip, deflate
      Authorization:
      - Bearer eyJ0eXAiOiJKV1QiLCJhbGciOiJSUzI1NiJ9.eyJ0b2tlbl90eXBlIjoiYWNjZXNzIiwiZXhwIjoxNTkxODQyMDI1LCJqdGkiOiJmZmYyNDRmOTY2M2Q0NzU4OWRlNGIwZDIxM2IwZWZmNCIsInVzZXJfaWQiOiJhN2ExYmYyNy00ZjVhLTRjMDYtOTZjMi0yZDgxMmM1MWI2MWYifQ.pzbZpGJiWRsYF-3au5YiFNiHcNDuYpu4z3IkHkzeFKF4FrL16-QmEvH-_h-SMx1fzF8sRLe4XA1wG1Tig1c6qSB4DPdhfDISIHBEgoZIt8W8f2dpHGgeT5_3jhvSKR8Vi0plGObcYAhcMLgQ9leA3rZlXYB7OoW4zTuZ8_JQRFGqF1MFYhZhrXSX8ozJCKorfv2n4fxri_Zk3CmU6VWdUE4zNxqJqmaYtPjVQxdtHqZicffa3ATqvXKopIPxyYfwERKtZe8fDkV0esPkuLmP4R5ZwmRWfiTNucJ5pvpT-oA5DUm1jP0anXg3ZdH6nbQeQKrUoZ7BczsxLv1EWXMaIg
      Connection:
      - keep-alive
      Content-Length:
      - '72'
      Content-Type:
      - application/json
      User-Agent:
      - python-requests/2.23.0
    method: PUT
    uri: http://api.dev.documentcloud.org/api/projects/100252/documents/
  response:
    body:
      string: '[{"document":10000627,"edit_access":true},{"document":10000628,"edit_access":true}]'
    headers:
      Allow:
      - GET, POST, PUT, PATCH, DELETE, HEAD, OPTIONS
      Connection:
      - keep-alive
      Content-Language:
      - en
      Content-Length:
      - '83'
      Content-Type:
      - application/json
      Date:
      - Thu, 11 Jun 2020 02:16:05 GMT
      Server:
      - nginx/1.15.1
      Vary:
      - Accept, Origin, Accept-Language, Cookie
      X-Frame-Options:
      - DENY
      X-XSS-Protection:
      - 1; mode=block
    status:
      code: 200
      message: OK
- request:
    body: null
    headers:
      Accept:
      - '*/*'
      Accept-Encoding:
      - gzip, deflate
      Authorization:
      - Bearer eyJ0eXAiOiJKV1QiLCJhbGciOiJSUzI1NiJ9.eyJ0b2tlbl90eXBlIjoiYWNjZXNzIiwiZXhwIjoxNTkxODQyMDI1LCJqdGkiOiJmZmYyNDRmOTY2M2Q0NzU4OWRlNGIwZDIxM2IwZWZmNCIsInVzZXJfaWQiOiJhN2ExYmYyNy00ZjVhLTRjMDYtOTZjMi0yZDgxMmM1MWI2MWYifQ.pzbZpGJiWRsYF-3au5YiFNiHcNDuYpu4z3IkHkzeFKF4FrL16-QmEvH-_h-SMx1fzF8sRLe4XA1wG1Tig1c6qSB4DPdhfDISIHBEgoZIt8W8f2dpHGgeT5_3jhvSKR8Vi0plGObcYAhcMLgQ9leA3rZlXYB7OoW4zTuZ8_JQRFGqF1MFYhZhrXSX8ozJCKorfv2n4fxri_Zk3CmU6VWdUE4zNxqJqmaYtPjVQxdtHqZicffa3ATqvXKopIPxyYfwERKtZe8fDkV0esPkuLmP4R5ZwmRWfiTNucJ5pvpT-oA5DUm1jP0anXg3ZdH6nbQeQKrUoZ7BczsxLv1EWXMaIg
      Connection:
      - keep-alive
      User-Agent:
      - python-requests/2.23.0
    method: GET
    uri: http://api.dev.documentcloud.org/api/projects/100252/
  response:
    body:
      string: '{"id":100252,"created_at":"2020-06-11T02:15:03.722510Z","description":"This
        is a project for testing","edit_access":true,"private":true,"slug":"this-is-a-project-for-testing-277de949-9be7-412d-8e1b-032a678d6faa","title":"This
        is a project for testing 277de949-9be7-412d-8e1b-032a678d6faa","updated_at":"2020-06-11T02:16:04.910983Z","user":100098}'
    headers:
      Allow:
      - GET, PUT, PATCH, DELETE, HEAD, OPTIONS
      Connection:
      - keep-alive
      Content-Language:
      - en
      Content-Length:
      - '346'
      Content-Type:
      - application/json
      Date:
      - Thu, 11 Jun 2020 02:16:05 GMT
      Server:
      - nginx/1.15.1
      Vary:
      - Accept, Origin, Accept-Language, Cookie
      X-Frame-Options:
      - DENY
      X-XSS-Protection:
      - 1; mode=block
    status:
      code: 200
      message: OK
- request:
    body: null
    headers:
      Accept:
      - '*/*'
      Accept-Encoding:
      - gzip, deflate
      Authorization:
      - Bearer eyJ0eXAiOiJKV1QiLCJhbGciOiJSUzI1NiJ9.eyJ0b2tlbl90eXBlIjoiYWNjZXNzIiwiZXhwIjoxNTkxODQyMDI1LCJqdGkiOiJmZmYyNDRmOTY2M2Q0NzU4OWRlNGIwZDIxM2IwZWZmNCIsInVzZXJfaWQiOiJhN2ExYmYyNy00ZjVhLTRjMDYtOTZjMi0yZDgxMmM1MWI2MWYifQ.pzbZpGJiWRsYF-3au5YiFNiHcNDuYpu4z3IkHkzeFKF4FrL16-QmEvH-_h-SMx1fzF8sRLe4XA1wG1Tig1c6qSB4DPdhfDISIHBEgoZIt8W8f2dpHGgeT5_3jhvSKR8Vi0plGObcYAhcMLgQ9leA3rZlXYB7OoW4zTuZ8_JQRFGqF1MFYhZhrXSX8ozJCKorfv2n4fxri_Zk3CmU6VWdUE4zNxqJqmaYtPjVQxdtHqZicffa3ATqvXKopIPxyYfwERKtZe8fDkV0esPkuLmP4R5ZwmRWfiTNucJ5pvpT-oA5DUm1jP0anXg3ZdH6nbQeQKrUoZ7BczsxLv1EWXMaIg
      Connection:
      - keep-alive
      User-Agent:
      - python-requests/2.23.0
    method: GET
    uri: http://api.dev.documentcloud.org/api/projects/100252/documents/?per_page=100&expand=document
  response:
    body:
      string: '{"count":3,"next":null,"previous":null,"results":[{"document":{"id":10000627,"access":"private","asset_url":"http://api.dev.documentcloud.org/files/","canonical_url":"http://www.dev.documentcloud.org/documents/10000627-test","created_at":"2020-06-11T02:14:59.081054Z","data":{},"description":"","edit_access":true,"language":"eng","organization":11343,"page_count":1,"page_spec":"612.0x792.0:0","presigned_url":"https://documentcloud-dev-mjk.s3.amazonaws.com/documents/10000627/test.pdf?X-Amz-Algorithm=AWS4-HMAC-SHA256&X-Amz-Credential=AKIA4JBBEJ7KWPNZQB7I%2F20200611%2Fus-east-1%2Fs3%2Faws4_request&X-Amz-Date=20200611T021605Z&X-Amz-Expires=300&X-Amz-SignedHeaders=host&X-Amz-Signature=f9f91dbd376d43cb372db9bd0149172159d734815b60c9946c22aa7b0e3a518b","projects":[100252],"related_article":"","published_url":"","slug":"test","source":"","status":"success","title":"test","updated_at":"2020-06-11T02:15:03.132783Z","user":100098},"edit_access":true},{"document":{"id":10000628,"access":"private","asset_url":"http://api.dev.documentcloud.org/files/","canonical_url":"http://www.dev.documentcloud.org/documents/10000628-test","created_at":"2020-06-11T02:15:04.199684Z","data":{"_tag":["document"]},"description":"A
        simple test document","edit_access":true,"language":"eng","organization":11343,"page_count":1,"page_spec":"612.0x792.0:0","presigned_url":"https://documentcloud-dev-mjk.s3.amazonaws.com/documents/10000628/test.pdf?X-Amz-Algorithm=AWS4-HMAC-SHA256&X-Amz-Credential=AKIA4JBBEJ7KWPNZQB7I%2F20200611%2Fus-east-1%2Fs3%2Faws4_request&X-Amz-Date=20200611T021605Z&X-Amz-Expires=300&X-Amz-SignedHeaders=host&X-Amz-Signature=74cf537ae95fb9a15a94d3ecbf3169f3bd75717dc15977c4dd53b993eda6a434","projects":[100252],"related_article":"https://www.example.com/article/","published_url":"https://www.example.com/article/test.pdf","slug":"test","source":"MuckRock","status":"success","title":"test","updated_at":"2020-06-11T02:15:27.610264Z","user":100098},"edit_access":true},{"document":{"id":10000641,"access":"private","asset_url":"http://api.dev.documentcloud.org/files/","canonical_url":"http://www.dev.documentcloud.org/documents/10000641-test","created_at":"2020-06-11T02:16:00.040616Z","data":{},"description":"","edit_access":true,"language":"eng","organization":11343,"page_count":1,"page_spec":"612.0x792.0:0","presigned_url":"https://documentcloud-dev-mjk.s3.amazonaws.com/documents/10000641/test.pdf?X-Amz-Algorithm=AWS4-HMAC-SHA256&X-Amz-Credential=AKIA4JBBEJ7KWPNZQB7I%2F20200611%2Fus-east-1%2Fs3%2Faws4_request&X-Amz-Date=20200611T021605Z&X-Amz-Expires=300&X-Amz-SignedHeaders=host&X-Amz-Signature=2228aee112991654a1191447f954dc7705d62f16910bb6cfda015a393b3d2818","projects":[100252],"related_article":"","published_url":"","slug":"test","source":"","status":"success","title":"test","updated_at":"2020-06-11T02:16:03.685176Z","user":100098},"edit_access":true}]}'
    headers:
      Allow:
      - GET, POST, PUT, PATCH, DELETE, HEAD, OPTIONS
      Connection:
      - keep-alive
      Content-Language:
      - en
      Content-Length:
      - '2878'
      Content-Type:
      - application/json
      Date:
      - Thu, 11 Jun 2020 02:16:05 GMT
      Server:
      - nginx/1.15.1
      Vary:
      - Accept, Origin, Accept-Language, Cookie
      X-Frame-Options:
      - DENY
      X-XSS-Protection:
      - 1; mode=block
    status:
      code: 200
      message: OK
version: 1
