interactions:
- request:
    body: null
    headers:
      Accept:
      - '*/*'
      Accept-Encoding:
      - gzip, deflate, br
      Authorization:
      - Bearer eyJ0eXAiOiJKV1QiLCJhbGciOiJSUzI1NiJ9.eyJ0b2tlbl90eXBlIjoiYWNjZXNzIiwiZXhwIjoxNzM1ODUwMDcxLCJqdGkiOiIxZWRlYWQxNzEyMmM0N2E1YWZlNjQ2NzdkMzViZWNhZiIsInVzZXJfaWQiOiJmNjAyOWU4YS1kOGEyLTQxODgtOGEyMS1jZDA3M2EwMmVlNWMiLCJhdWQiOlsic3F1YXJlbGV0IiwibXVja3JvY2siLCJkb2N1bWVudGNsb3VkIl0sImlzcyI6WyJzcXVhcmVsZXQiXX0.agRzHD2uUmaNZ4WZ_QMYzrJ5MsoHgN0diKORZmNPDjxXtkYXozxbgSrOXZjYG3jeGUsZ1inYW9j6nZtP0AOwe-FBo5-hVtxKB8_T6zSTUlsdONNcFNqWVMaWPyp3tADnbT7ziGmCJvP8YJEq9LwR157hoGjiEEALK83x4FT8vyIjIALnpPmu3udPpwu6231-MwpXreytKBkmoaHLb5kMXwefF7sX3LcbE_9j7i29Kr8QMcZdq5AAM3P31q8A4rxB_FADxlqYt3qSjSZ64r0kqmNx2CWo9eJeQ35bPAI0uc-mobk4xCMU-MW6U9sPzQsC-FZ6VVUKt-hwphd_-dziEg
      Connection:
      - keep-alive
      User-Agent:
      - python-requests/2.32.3
    method: GET
    uri: https://api.dev.documentcloud.org/api/projects/200070/documents/?per_page=1&expand=document
  response:
    body:
      string: '{"count":3,"next":"https://api.dev.documentcloud.org/api/projects/200070/documents/?expand=document&page=2&per_page=1","previous":null,"results":[{"document":{"id":20000286,"access":"private","admin_noindex":false,"asset_url":"https://api.dev.documentcloud.org/files/","canonical_url":"https://www.dev.documentcloud.org/documents/20000286-test","created_at":"2025-01-02T20:30:43.208077Z","data":{},"description":"","edit_access":true,"file_hash":"5dcb718cdd5326ce53ccf8b0d801c0fcaffa1c81","noindex":false,"language":"eng","organization":10004,"original_extension":"pdf","page_count":1,"page_spec":"612.0x792.0:0","presigned_url":"https://documentcloud-dev-sanjin.s3.amazonaws.com/documents/20000286/test.pdf?X-Amz-Algorithm=AWS4-HMAC-SHA256&X-Amz-Credential=AKIA4JBBEJ7K7BVMXVOU%2F20250102%2Fus-east-1%2Fs3%2Faws4_request&X-Amz-Date=20250102T203050Z&X-Amz-Expires=300&X-Amz-SignedHeaders=host&X-Amz-Signature=12be8a8bd870cc0509e45bbf6f40f4215aa86b19826b2a957d409cf4abb20cf5","projects":[200070],"publish_at":null,"published_url":"","related_article":"","revision_control":false,"slug":"test","source":"","status":"success","title":"test","updated_at":"2025-01-02T20:30:50.124619Z","user":100000},"edit_access":true}]}'
    headers:
      Allow:
      - GET, POST, PUT, PATCH, DELETE, HEAD, OPTIONS
      Cache-Control:
      - private, no-cache
      Connection:
      - keep-alive
      Content-Language:
      - en
      Content-Length:
      - '1217'
      Content-Type:
      - application/json
      Cross-Origin-Opener-Policy:
      - same-origin
      Date:
      - Thu, 02 Jan 2025 20:30:50 GMT
      Referrer-Policy:
      - same-origin
      Server:
      - nginx/1.25.2
      Vary:
      - Cookie, Accept, Origin, Accept-Language
      X-Content-Type-Options:
      - nosniff
      X-Frame-Options:
      - DENY
    status:
      code: 200
      message: OK
- request:
    body: null
    headers:
      Accept:
      - '*/*'
      Accept-Encoding:
      - gzip, deflate, br
      Authorization:
      - Bearer eyJ0eXAiOiJKV1QiLCJhbGciOiJSUzI1NiJ9.eyJ0b2tlbl90eXBlIjoiYWNjZXNzIiwiZXhwIjoxNzM1ODUwMDcxLCJqdGkiOiIxZWRlYWQxNzEyMmM0N2E1YWZlNjQ2NzdkMzViZWNhZiIsInVzZXJfaWQiOiJmNjAyOWU4YS1kOGEyLTQxODgtOGEyMS1jZDA3M2EwMmVlNWMiLCJhdWQiOlsic3F1YXJlbGV0IiwibXVja3JvY2siLCJkb2N1bWVudGNsb3VkIl0sImlzcyI6WyJzcXVhcmVsZXQiXX0.agRzHD2uUmaNZ4WZ_QMYzrJ5MsoHgN0diKORZmNPDjxXtkYXozxbgSrOXZjYG3jeGUsZ1inYW9j6nZtP0AOwe-FBo5-hVtxKB8_T6zSTUlsdONNcFNqWVMaWPyp3tADnbT7ziGmCJvP8YJEq9LwR157hoGjiEEALK83x4FT8vyIjIALnpPmu3udPpwu6231-MwpXreytKBkmoaHLb5kMXwefF7sX3LcbE_9j7i29Kr8QMcZdq5AAM3P31q8A4rxB_FADxlqYt3qSjSZ64r0kqmNx2CWo9eJeQ35bPAI0uc-mobk4xCMU-MW6U9sPzQsC-FZ6VVUKt-hwphd_-dziEg
      Connection:
      - keep-alive
      User-Agent:
      - python-requests/2.32.3
    method: GET
    uri: https://api.dev.documentcloud.org/api/projects/200070/documents/?expand=document&page=2&per_page=1
  response:
    body:
      string: '{"count":3,"next":"https://api.dev.documentcloud.org/api/projects/200070/documents/?expand=document&page=3&per_page=1","previous":"https://api.dev.documentcloud.org/api/projects/200070/documents/?expand=document&per_page=1","results":[{"document":{"id":20000273,"access":"private","admin_noindex":false,"asset_url":"https://api.dev.documentcloud.org/files/","canonical_url":"https://www.dev.documentcloud.org/documents/20000273-test","created_at":"2025-01-02T20:28:57.927312Z","data":{"_tag":["document"]},"description":"A
        simple test document","edit_access":true,"file_hash":"5dcb718cdd5326ce53ccf8b0d801c0fcaffa1c81","noindex":false,"language":"eng","organization":10004,"original_extension":"pdf","page_count":1,"page_spec":"612.0x792.0:0","presigned_url":"https://documentcloud-dev-sanjin.s3.amazonaws.com/documents/20000273/test.pdf?X-Amz-Algorithm=AWS4-HMAC-SHA256&X-Amz-Credential=AKIA4JBBEJ7K7BVMXVOU%2F20250102%2Fus-east-1%2Fs3%2Faws4_request&X-Amz-Date=20250102T203050Z&X-Amz-Expires=300&X-Amz-SignedHeaders=host&X-Amz-Signature=40e2eb8087e1ca8d8615724dc3e2d25e79ee154c0f1b44c7cdb7171c43d1cb87","projects":[200070],"publish_at":null,"published_url":"https://www.example.com/article/test.pdf","related_article":"https://www.example.com/article/","revision_control":false,"slug":"test","source":"MuckRock","status":"success","title":"test","updated_at":"2025-01-02T20:30:50.124619Z","user":100000},"edit_access":true}]}'
    headers:
      Allow:
      - GET, POST, PUT, PATCH, DELETE, HEAD, OPTIONS
      Cache-Control:
      - private, no-cache
      Connection:
      - keep-alive
      Content-Language:
      - en
      Content-Length:
      - '1427'
      Content-Type:
      - application/json
      Cross-Origin-Opener-Policy:
      - same-origin
      Date:
      - Thu, 02 Jan 2025 20:30:50 GMT
      Referrer-Policy:
      - same-origin
      Server:
      - nginx/1.25.2
      Vary:
      - Cookie, Accept, Origin, Accept-Language
      X-Content-Type-Options:
      - nosniff
      X-Frame-Options:
      - DENY
    status:
      code: 200
      message: OK
- request:
    body: null
    headers:
      Accept:
      - '*/*'
      Accept-Encoding:
      - gzip, deflate, br
      Authorization:
      - Bearer eyJ0eXAiOiJKV1QiLCJhbGciOiJSUzI1NiJ9.eyJ0b2tlbl90eXBlIjoiYWNjZXNzIiwiZXhwIjoxNzM1ODUwMDcxLCJqdGkiOiIxZWRlYWQxNzEyMmM0N2E1YWZlNjQ2NzdkMzViZWNhZiIsInVzZXJfaWQiOiJmNjAyOWU4YS1kOGEyLTQxODgtOGEyMS1jZDA3M2EwMmVlNWMiLCJhdWQiOlsic3F1YXJlbGV0IiwibXVja3JvY2siLCJkb2N1bWVudGNsb3VkIl0sImlzcyI6WyJzcXVhcmVsZXQiXX0.agRzHD2uUmaNZ4WZ_QMYzrJ5MsoHgN0diKORZmNPDjxXtkYXozxbgSrOXZjYG3jeGUsZ1inYW9j6nZtP0AOwe-FBo5-hVtxKB8_T6zSTUlsdONNcFNqWVMaWPyp3tADnbT7ziGmCJvP8YJEq9LwR157hoGjiEEALK83x4FT8vyIjIALnpPmu3udPpwu6231-MwpXreytKBkmoaHLb5kMXwefF7sX3LcbE_9j7i29Kr8QMcZdq5AAM3P31q8A4rxB_FADxlqYt3qSjSZ64r0kqmNx2CWo9eJeQ35bPAI0uc-mobk4xCMU-MW6U9sPzQsC-FZ6VVUKt-hwphd_-dziEg
      Connection:
      - keep-alive
      User-Agent:
      - python-requests/2.32.3
    method: GET
    uri: https://api.dev.documentcloud.org/api/projects/200070/documents/?expand=document&page=3&per_page=1
  response:
    body:
      string: '{"count":3,"next":null,"previous":"https://api.dev.documentcloud.org/api/projects/200070/documents/?expand=document&page=2&per_page=1","results":[{"document":{"id":20000272,"access":"private","admin_noindex":false,"asset_url":"https://api.dev.documentcloud.org/files/","canonical_url":"https://www.dev.documentcloud.org/documents/20000272-test","created_at":"2025-01-02T20:28:50.994529Z","data":{},"description":"","edit_access":true,"file_hash":"5dcb718cdd5326ce53ccf8b0d801c0fcaffa1c81","noindex":false,"language":"eng","organization":10004,"original_extension":"pdf","page_count":1,"page_spec":"612.0x792.0:0","presigned_url":"https://documentcloud-dev-sanjin.s3.amazonaws.com/documents/20000272/test.pdf?X-Amz-Algorithm=AWS4-HMAC-SHA256&X-Amz-Credential=AKIA4JBBEJ7K7BVMXVOU%2F20250102%2Fus-east-1%2Fs3%2Faws4_request&X-Amz-Date=20250102T203050Z&X-Amz-Expires=300&X-Amz-SignedHeaders=host&X-Amz-Signature=b9076684203128149f6377911843979f0a6ce33518e63a3f574fe3f498adf503","projects":[200070],"publish_at":null,"published_url":"","related_article":"","revision_control":false,"slug":"test","source":"","status":"success","title":"test","updated_at":"2025-01-02T20:30:50.124619Z","user":100000},"edit_access":true}]}'
    headers:
      Allow:
      - GET, POST, PUT, PATCH, DELETE, HEAD, OPTIONS
      Cache-Control:
      - private, no-cache
      Connection:
      - keep-alive
      Content-Language:
      - en
      Content-Length:
      - '1217'
      Content-Type:
      - application/json
      Cross-Origin-Opener-Policy:
      - same-origin
      Date:
      - Thu, 02 Jan 2025 20:30:50 GMT
      Referrer-Policy:
      - same-origin
      Server:
      - nginx/1.25.2
      Vary:
      - Cookie, Accept, Origin, Accept-Language
      X-Content-Type-Options:
      - nosniff
      X-Frame-Options:
      - DENY
    status:
      code: 200
      message: OK
version: 1
