interactions:
- request:
    body: null
    headers:
      Accept:
      - '*/*'
      Accept-Encoding:
      - gzip, deflate
      Authorization:
      - Bearer eyJ0eXAiOiJKV1QiLCJhbGciOiJSUzI1NiJ9.eyJ0b2tlbl90eXBlIjoiYWNjZXNzIiwiZXhwIjoxNTkyMDYwOTEzLCJqdGkiOiIzYTVjM2Y1ZWRhMjI0ZTNmOWM1NzBhYmQzYjE3YTExMyIsInVzZXJfaWQiOiJhN2ExYmYyNy00ZjVhLTRjMDYtOTZjMi0yZDgxMmM1MWI2MWYifQ.diAJDsO8gAJTvltCOZwJjYFKX5mmbZQoM5EtW5vofJMrsxj0fdZ6sXNYcOyAUeictrwf3Osujrdjef-UxI2EJbUt7nsn6wgChcqM6jn67RwKJE_of_tQVMUYI25kjgSQLArMs4m9miJ6T2Ed6be821QMJNdcoeGFS2dRAh95AjB3ls65SlQy18nz9Inrr-W7JDzCQr6M4ja-00f3BJfVdtx9YRdwnKaNsprCitWjmeOWM4H3Qf2rxkQYYlUQY5G_itMOgH57U2MfXdiVCPcjwkT4p9pp3YJXJrTOF5V4--kB6yNH97ZPntRQwdgn4PDS99CtkB769lALcJpf9SqEzg
      Connection:
      - keep-alive
      User-Agent:
      - python-requests/2.23.0
    method: GET
    uri: http://api.dev.documentcloud.org/api/projects/?title=Created+Title&user=100098
  response:
    body:
      string: '{"count":0,"next":null,"previous":null,"results":[]}'
    headers:
      Allow:
      - GET, POST, HEAD, OPTIONS
      Connection:
      - keep-alive
      Content-Language:
      - en
      Content-Length:
      - '52'
      Content-Type:
      - application/json
      Date:
      - Sat, 13 Jun 2020 15:04:23 GMT
      Server:
      - nginx/1.15.1
      Vary:
      - Accept, Origin, Accept-Language, Cookie
      X-Frame-Options:
      - DENY
      X-XSS-Protection:
      - 1; mode=block
    status:
      code: 200
      message: OK
- request:
    body: '{"title": "Created Title", "description": "", "private": true}'
    headers:
      Accept:
      - '*/*'
      Accept-Encoding:
      - gzip, deflate
      Authorization:
      - Bearer eyJ0eXAiOiJKV1QiLCJhbGciOiJSUzI1NiJ9.eyJ0b2tlbl90eXBlIjoiYWNjZXNzIiwiZXhwIjoxNTkyMDYwOTEzLCJqdGkiOiIzYTVjM2Y1ZWRhMjI0ZTNmOWM1NzBhYmQzYjE3YTExMyIsInVzZXJfaWQiOiJhN2ExYmYyNy00ZjVhLTRjMDYtOTZjMi0yZDgxMmM1MWI2MWYifQ.diAJDsO8gAJTvltCOZwJjYFKX5mmbZQoM5EtW5vofJMrsxj0fdZ6sXNYcOyAUeictrwf3Osujrdjef-UxI2EJbUt7nsn6wgChcqM6jn67RwKJE_of_tQVMUYI25kjgSQLArMs4m9miJ6T2Ed6be821QMJNdcoeGFS2dRAh95AjB3ls65SlQy18nz9Inrr-W7JDzCQr6M4ja-00f3BJfVdtx9YRdwnKaNsprCitWjmeOWM4H3Qf2rxkQYYlUQY5G_itMOgH57U2MfXdiVCPcjwkT4p9pp3YJXJrTOF5V4--kB6yNH97ZPntRQwdgn4PDS99CtkB769lALcJpf9SqEzg
      Connection:
      - keep-alive
      Content-Length:
      - '62'
      Content-Type:
      - application/json
      User-Agent:
      - python-requests/2.23.0
    method: POST
    uri: http://api.dev.documentcloud.org/api/projects/
  response:
    body:
      string: '{"id":100344,"created_at":"2020-06-13T15:04:23.261952Z","description":"","edit_access":true,"private":true,"slug":"created-title","title":"Created
        Title","updated_at":"2020-06-13T15:04:23.262382Z","user":100098}'
    headers:
      Allow:
      - GET, POST, HEAD, OPTIONS
      Connection:
      - keep-alive
      Content-Language:
      - en
      Content-Length:
      - '211'
      Content-Type:
      - application/json
      Date:
      - Sat, 13 Jun 2020 15:04:23 GMT
      Server:
      - nginx/1.15.1
      Vary:
      - Accept, Origin, Accept-Language, Cookie
      X-Frame-Options:
      - DENY
      X-XSS-Protection:
      - 1; mode=block
    status:
      code: 201
      message: Created
- request:
    body: null
    headers:
      Accept:
      - '*/*'
      Accept-Encoding:
      - gzip, deflate
      Authorization:
      - Bearer eyJ0eXAiOiJKV1QiLCJhbGciOiJSUzI1NiJ9.eyJ0b2tlbl90eXBlIjoiYWNjZXNzIiwiZXhwIjoxNTkyMDYwOTEzLCJqdGkiOiIzYTVjM2Y1ZWRhMjI0ZTNmOWM1NzBhYmQzYjE3YTExMyIsInVzZXJfaWQiOiJhN2ExYmYyNy00ZjVhLTRjMDYtOTZjMi0yZDgxMmM1MWI2MWYifQ.diAJDsO8gAJTvltCOZwJjYFKX5mmbZQoM5EtW5vofJMrsxj0fdZ6sXNYcOyAUeictrwf3Osujrdjef-UxI2EJbUt7nsn6wgChcqM6jn67RwKJE_of_tQVMUYI25kjgSQLArMs4m9miJ6T2Ed6be821QMJNdcoeGFS2dRAh95AjB3ls65SlQy18nz9Inrr-W7JDzCQr6M4ja-00f3BJfVdtx9YRdwnKaNsprCitWjmeOWM4H3Qf2rxkQYYlUQY5G_itMOgH57U2MfXdiVCPcjwkT4p9pp3YJXJrTOF5V4--kB6yNH97ZPntRQwdgn4PDS99CtkB769lALcJpf9SqEzg
      Connection:
      - keep-alive
      Content-Length:
      - '0'
      User-Agent:
      - python-requests/2.23.0
    method: DELETE
    uri: http://api.dev.documentcloud.org/api/projects/100344/
  response:
    body:
      string: ''
    headers:
      Allow:
      - GET, PUT, PATCH, DELETE, HEAD, OPTIONS
      Connection:
      - keep-alive
      Content-Language:
      - en
      Content-Length:
      - '0'
      Date:
      - Sat, 13 Jun 2020 15:04:23 GMT
      Server:
      - nginx/1.15.1
      Vary:
      - Accept, Origin, Accept-Language, Cookie
      X-Frame-Options:
      - DENY
      X-XSS-Protection:
      - 1; mode=block
    status:
      code: 204
      message: No Content
version: 1
