interactions:
- request:
    body: null
    headers:
      Accept:
      - '*/*'
      Accept-Encoding:
      - gzip, deflate
      Authorization:
      - Bearer eyJ0eXAiOiJKV1QiLCJhbGciOiJSUzI1NiJ9.eyJ0b2tlbl90eXBlIjoiYWNjZXNzIiwiZXhwIjoxNjk5MDQwNjMyLCJqdGkiOiI4ODRjNGVjMWMyNmY0OTBlOTUyMzM4MWIwZmI3ODg1NyIsInVzZXJfaWQiOiJhN2ExYmYyNy00ZjVhLTRjMDYtOTZjMi0yZDgxMmM1MWI2MWYiLCJhdWQiOlsic3F1YXJlbGV0IiwibXVja3JvY2siLCJkb2N1bWVudGNsb3VkIl0sImlzcyI6WyJzcXVhcmVsZXQiXX0.WAFNIp-5HMkQ_6-Bqj_tuj1IpiO9jDzs4Pmb0XZpYMXtisEWbkaj0V4qXDsF1vHCoCDjA3jT31IyIrbNdmEixVTTuDG-eMT_PCPpdm25jP8ECErZNv-TaUiMOMYRaXvt3ENPBckE4SMjHiDSR_Prr34kY_LxCnDITp8JsjTIcsM1Wr8x5sFd6TQ-gshw0NbqILas1wLMBo9Lpmh0uuJ7498uxX_Kdb6cLuSVbZeN7iwO1F2IuU90NDYvsKdBz-6ajS-fkwSKbFRWRCushLhfrDBJH5dv-rRgq87CQ-IjeXkxpuqEPqRyarnelAewgc1_jw6WbBPz9xXJmaHjdZys_A
      Connection:
      - keep-alive
      User-Agent:
      - python-requests/2.31.0
    method: GET
    uri: https://api.dev.documentcloud.org/api/projects/100501/documents/?per_page=1&expand=document&version=2.0
  response:
    body:
      string: '{"count":3,"next":"https://api.dev.documentcloud.org/api/projects/100501/documents/?cursor=cD0yMDIzLTExLTAzKzE5JTNBNDAlM0EwMC42OTE2NzYlMkIwMCUzQTAw&expand=document&per_page=1&version=2.0","previous":null,"results":[{"document":{"id":10002185,"access":"private","admin_noindex":false,"asset_url":"https://api.dev.documentcloud.org/files/","canonical_url":"https://www.dev.documentcloud.org/documents/10002185-test","created_at":"2023-11-03T19:40:00.691676Z","data":{},"description":"","edit_access":true,"file_hash":"5dcb718cdd5326ce53ccf8b0d801c0fcaffa1c81","noindex":false,"language":"eng","organization":11343,"original_extension":"pdf","page_count":1,"page_spec":"612.0x792.0:0","presigned_url":"https://documentcloud-dev-mjk.s3.amazonaws.com/documents/10002185/test.pdf?X-Amz-Algorithm=AWS4-HMAC-SHA256&X-Amz-Credential=AKIA4JBBEJ7KWPNZQB7I%2F20231103%2Fus-east-1%2Fs3%2Faws4_request&X-Amz-Date=20231103T194010Z&X-Amz-Expires=300&X-Amz-SignedHeaders=host&X-Amz-Signature=0e0bbe30340e02b515f5fedc15d4fdeee11a064ef7afe62e8d5c15fbf7a94a38","projects":[100501],"publish_at":null,"published_url":"","related_article":"","revision_control":false,"slug":"test","source":"","status":"success","title":"test","updated_at":"2023-11-03T19:40:10.641624Z","user":100098},"edit_access":true}]}'
    headers:
      Allow:
      - GET, POST, PUT, PATCH, DELETE, HEAD, OPTIONS
      Cache-Control:
      - private, no-cache
      Connection:
      - keep-alive
      Content-Language:
      - en
      Content-Length:
      - '1283'
      Content-Type:
      - application/json
      Cross-Origin-Opener-Policy:
      - same-origin
      Date:
      - Fri, 03 Nov 2023 19:40:10 GMT
      Referrer-Policy:
      - same-origin
      Server:
      - nginx/1.23.1
      Vary:
      - Cookie, Accept, Origin, Accept-Language
      X-Content-Type-Options:
      - nosniff
      X-Frame-Options:
      - DENY
    status:
      code: 200
      message: OK
- request:
    body: null
    headers:
      Accept:
      - '*/*'
      Accept-Encoding:
      - gzip, deflate
      Authorization:
      - Bearer eyJ0eXAiOiJKV1QiLCJhbGciOiJSUzI1NiJ9.eyJ0b2tlbl90eXBlIjoiYWNjZXNzIiwiZXhwIjoxNjk5MDQwNjMyLCJqdGkiOiI4ODRjNGVjMWMyNmY0OTBlOTUyMzM4MWIwZmI3ODg1NyIsInVzZXJfaWQiOiJhN2ExYmYyNy00ZjVhLTRjMDYtOTZjMi0yZDgxMmM1MWI2MWYiLCJhdWQiOlsic3F1YXJlbGV0IiwibXVja3JvY2siLCJkb2N1bWVudGNsb3VkIl0sImlzcyI6WyJzcXVhcmVsZXQiXX0.WAFNIp-5HMkQ_6-Bqj_tuj1IpiO9jDzs4Pmb0XZpYMXtisEWbkaj0V4qXDsF1vHCoCDjA3jT31IyIrbNdmEixVTTuDG-eMT_PCPpdm25jP8ECErZNv-TaUiMOMYRaXvt3ENPBckE4SMjHiDSR_Prr34kY_LxCnDITp8JsjTIcsM1Wr8x5sFd6TQ-gshw0NbqILas1wLMBo9Lpmh0uuJ7498uxX_Kdb6cLuSVbZeN7iwO1F2IuU90NDYvsKdBz-6ajS-fkwSKbFRWRCushLhfrDBJH5dv-rRgq87CQ-IjeXkxpuqEPqRyarnelAewgc1_jw6WbBPz9xXJmaHjdZys_A
      Connection:
      - keep-alive
      User-Agent:
      - python-requests/2.31.0
    method: GET
    uri: https://api.dev.documentcloud.org/api/projects/100501/documents/?cursor=cD0yMDIzLTExLTAzKzE5JTNBNDAlM0EwMC42OTE2NzYlMkIwMCUzQTAw&expand=document&per_page=1&version=2.0
  response:
    body:
      string: '{"count":3,"next":"https://api.dev.documentcloud.org/api/projects/100501/documents/?cursor=cD0yMDIzLTExLTAzKzE5JTNBMzglM0EwMi4wNDE2ODYlMkIwMCUzQTAw&expand=document&per_page=1&version=2.0","previous":"https://api.dev.documentcloud.org/api/projects/100501/documents/?cursor=cj0xJnA9MjAyMy0xMS0wMysxOSUzQTM4JTNBMDIuMDQxNjg2JTJCMDAlM0EwMA%3D%3D&expand=document&per_page=1&version=2.0","results":[{"document":{"id":10002172,"access":"private","admin_noindex":false,"asset_url":"https://api.dev.documentcloud.org/files/","canonical_url":"https://www.dev.documentcloud.org/documents/10002172-test","created_at":"2023-11-03T19:38:02.041686Z","data":{"_tag":["document"]},"description":"A
        simple test document","edit_access":true,"file_hash":"5dcb718cdd5326ce53ccf8b0d801c0fcaffa1c81","noindex":false,"language":"eng","organization":11343,"original_extension":"pdf","page_count":1,"page_spec":"612.0x792.0:0","presigned_url":"https://documentcloud-dev-mjk.s3.amazonaws.com/documents/10002172/test.pdf?X-Amz-Algorithm=AWS4-HMAC-SHA256&X-Amz-Credential=AKIA4JBBEJ7KWPNZQB7I%2F20231103%2Fus-east-1%2Fs3%2Faws4_request&X-Amz-Date=20231103T194010Z&X-Amz-Expires=300&X-Amz-SignedHeaders=host&X-Amz-Signature=0342da7039bc1d07fd246043790b053cde63fd7ac82220ad403d21399dfa49cf","projects":[100501],"publish_at":null,"published_url":"https://www.example.com/article/test.pdf","related_article":"https://www.example.com/article/","revision_control":false,"slug":"test","source":"MuckRock","status":"success","title":"test","updated_at":"2023-11-03T19:40:10.641624Z","user":100098},"edit_access":true}]}'
    headers:
      Allow:
      - GET, POST, PUT, PATCH, DELETE, HEAD, OPTIONS
      Cache-Control:
      - private, no-cache
      Connection:
      - keep-alive
      Content-Language:
      - en
      Content-Length:
      - '1581'
      Content-Type:
      - application/json
      Cross-Origin-Opener-Policy:
      - same-origin
      Date:
      - Fri, 03 Nov 2023 19:40:10 GMT
      Referrer-Policy:
      - same-origin
      Server:
      - nginx/1.23.1
      Vary:
      - Cookie, Accept, Origin, Accept-Language
      X-Content-Type-Options:
      - nosniff
      X-Frame-Options:
      - DENY
    status:
      code: 200
      message: OK
- request:
    body: null
    headers:
      Accept:
      - '*/*'
      Accept-Encoding:
      - gzip, deflate
      Authorization:
      - Bearer eyJ0eXAiOiJKV1QiLCJhbGciOiJSUzI1NiJ9.eyJ0b2tlbl90eXBlIjoiYWNjZXNzIiwiZXhwIjoxNjk5MDQwNjMyLCJqdGkiOiI4ODRjNGVjMWMyNmY0OTBlOTUyMzM4MWIwZmI3ODg1NyIsInVzZXJfaWQiOiJhN2ExYmYyNy00ZjVhLTRjMDYtOTZjMi0yZDgxMmM1MWI2MWYiLCJhdWQiOlsic3F1YXJlbGV0IiwibXVja3JvY2siLCJkb2N1bWVudGNsb3VkIl0sImlzcyI6WyJzcXVhcmVsZXQiXX0.WAFNIp-5HMkQ_6-Bqj_tuj1IpiO9jDzs4Pmb0XZpYMXtisEWbkaj0V4qXDsF1vHCoCDjA3jT31IyIrbNdmEixVTTuDG-eMT_PCPpdm25jP8ECErZNv-TaUiMOMYRaXvt3ENPBckE4SMjHiDSR_Prr34kY_LxCnDITp8JsjTIcsM1Wr8x5sFd6TQ-gshw0NbqILas1wLMBo9Lpmh0uuJ7498uxX_Kdb6cLuSVbZeN7iwO1F2IuU90NDYvsKdBz-6ajS-fkwSKbFRWRCushLhfrDBJH5dv-rRgq87CQ-IjeXkxpuqEPqRyarnelAewgc1_jw6WbBPz9xXJmaHjdZys_A
      Connection:
      - keep-alive
      User-Agent:
      - python-requests/2.31.0
    method: GET
    uri: https://api.dev.documentcloud.org/api/projects/100501/documents/?cursor=cD0yMDIzLTExLTAzKzE5JTNBMzglM0EwMi4wNDE2ODYlMkIwMCUzQTAw&expand=document&per_page=1&version=2.0
  response:
    body:
      string: '{"count":3,"next":null,"previous":"https://api.dev.documentcloud.org/api/projects/100501/documents/?cursor=cj0xJnA9MjAyMy0xMS0wMysxOSUzQTM3JTNBNTQuMzM0MjMwJTJCMDAlM0EwMA%3D%3D&expand=document&per_page=1&version=2.0","results":[{"document":{"id":10002171,"access":"private","admin_noindex":false,"asset_url":"https://api.dev.documentcloud.org/files/","canonical_url":"https://www.dev.documentcloud.org/documents/10002171-test","created_at":"2023-11-03T19:37:54.334230Z","data":{},"description":"","edit_access":true,"file_hash":"5dcb718cdd5326ce53ccf8b0d801c0fcaffa1c81","noindex":false,"language":"eng","organization":11343,"original_extension":"pdf","page_count":1,"page_spec":"612.0x792.0:0","presigned_url":"https://documentcloud-dev-mjk.s3.amazonaws.com/documents/10002171/test.pdf?X-Amz-Algorithm=AWS4-HMAC-SHA256&X-Amz-Credential=AKIA4JBBEJ7KWPNZQB7I%2F20231103%2Fus-east-1%2Fs3%2Faws4_request&X-Amz-Date=20231103T194011Z&X-Amz-Expires=300&X-Amz-SignedHeaders=host&X-Amz-Signature=05cb3957143cb87f877a63ac1043b7a658edf445d6afbc58fb7bccb1ec4e6f34","projects":[100501],"publish_at":null,"published_url":"","related_article":"","revision_control":false,"slug":"test","source":"","status":"success","title":"test","updated_at":"2023-11-03T19:40:10.641624Z","user":100098},"edit_access":true}]}'
    headers:
      Allow:
      - GET, POST, PUT, PATCH, DELETE, HEAD, OPTIONS
      Cache-Control:
      - private, no-cache
      Connection:
      - keep-alive
      Content-Language:
      - en
      Content-Length:
      - '1295'
      Content-Type:
      - application/json
      Cross-Origin-Opener-Policy:
      - same-origin
      Date:
      - Fri, 03 Nov 2023 19:40:11 GMT
      Referrer-Policy:
      - same-origin
      Server:
      - nginx/1.23.1
      Vary:
      - Cookie, Accept, Origin, Accept-Language
      X-Content-Type-Options:
      - nosniff
      X-Frame-Options:
      - DENY
    status:
      code: 200
      message: OK
version: 1
