interactions:
- request:
    body: '{"title": "Dupe", "description": "", "private": true}'
    headers:
      Accept:
      - '*/*'
      Accept-Encoding:
      - gzip, deflate
      Authorization:
      - Bearer eyJ0eXAiOiJKV1QiLCJhbGciOiJSUzI1NiJ9.eyJ0b2tlbl90eXBlIjoiYWNjZXNzIiwiZXhwIjoxNTkxODQyMDI1LCJqdGkiOiJmZmYyNDRmOTY2M2Q0NzU4OWRlNGIwZDIxM2IwZWZmNCIsInVzZXJfaWQiOiJhN2ExYmYyNy00ZjVhLTRjMDYtOTZjMi0yZDgxMmM1MWI2MWYifQ.pzbZpGJiWRsYF-3au5YiFNiHcNDuYpu4z3IkHkzeFKF4FrL16-QmEvH-_h-SMx1fzF8sRLe4XA1wG1Tig1c6qSB4DPdhfDISIHBEgoZIt8W8f2dpHGgeT5_3jhvSKR8Vi0plGObcYAhcMLgQ9leA3rZlXYB7OoW4zTuZ8_JQRFGqF1MFYhZhrXSX8ozJCKorfv2n4fxri_Zk3CmU6VWdUE4zNxqJqmaYtPjVQxdtHqZicffa3ATqvXKopIPxyYfwERKtZe8fDkV0esPkuLmP4R5ZwmRWfiTNucJ5pvpT-oA5DUm1jP0anXg3ZdH6nbQeQKrUoZ7BczsxLv1EWXMaIg
      Connection:
      - keep-alive
      Content-Length:
      - '53'
      Content-Type:
      - application/json
      User-Agent:
      - python-requests/2.23.0
    method: POST
    uri: http://api.dev.documentcloud.org/api/projects/
  response:
    body:
      string: '{"id":100254,"created_at":"2020-06-11T02:16:11.269338Z","description":"","edit_access":true,"private":true,"slug":"dupe","title":"Dupe","updated_at":"2020-06-11T02:16:11.269714Z","user":100098}'
    headers:
      Allow:
      - GET, POST, HEAD, OPTIONS
      Connection:
      - keep-alive
      Content-Language:
      - en
      Content-Length:
      - '193'
      Content-Type:
      - application/json
      Date:
      - Thu, 11 Jun 2020 02:16:11 GMT
      Server:
      - nginx/1.15.1
      Vary:
      - Accept, Origin, Accept-Language, Cookie
      X-Frame-Options:
      - DENY
      X-XSS-Protection:
      - 1; mode=block
    status:
      code: 201
      message: Created
- request:
    body: '{"title": "Dupe", "description": "", "private": true}'
    headers:
      Accept:
      - '*/*'
      Accept-Encoding:
      - gzip, deflate
      Authorization:
      - Bearer eyJ0eXAiOiJKV1QiLCJhbGciOiJSUzI1NiJ9.eyJ0b2tlbl90eXBlIjoiYWNjZXNzIiwiZXhwIjoxNTkxODQyMDI1LCJqdGkiOiJmZmYyNDRmOTY2M2Q0NzU4OWRlNGIwZDIxM2IwZWZmNCIsInVzZXJfaWQiOiJhN2ExYmYyNy00ZjVhLTRjMDYtOTZjMi0yZDgxMmM1MWI2MWYifQ.pzbZpGJiWRsYF-3au5YiFNiHcNDuYpu4z3IkHkzeFKF4FrL16-QmEvH-_h-SMx1fzF8sRLe4XA1wG1Tig1c6qSB4DPdhfDISIHBEgoZIt8W8f2dpHGgeT5_3jhvSKR8Vi0plGObcYAhcMLgQ9leA3rZlXYB7OoW4zTuZ8_JQRFGqF1MFYhZhrXSX8ozJCKorfv2n4fxri_Zk3CmU6VWdUE4zNxqJqmaYtPjVQxdtHqZicffa3ATqvXKopIPxyYfwERKtZe8fDkV0esPkuLmP4R5ZwmRWfiTNucJ5pvpT-oA5DUm1jP0anXg3ZdH6nbQeQKrUoZ7BczsxLv1EWXMaIg
      Connection:
      - keep-alive
      Content-Length:
      - '53'
      Content-Type:
      - application/json
      User-Agent:
      - python-requests/2.23.0
    method: POST
    uri: http://api.dev.documentcloud.org/api/projects/
  response:
    body:
      string: '{"id":100255,"created_at":"2020-06-11T02:16:11.418386Z","description":"","edit_access":true,"private":true,"slug":"dupe","title":"Dupe","updated_at":"2020-06-11T02:16:11.418753Z","user":100098}'
    headers:
      Allow:
      - GET, POST, HEAD, OPTIONS
      Connection:
      - keep-alive
      Content-Language:
      - en
      Content-Length:
      - '193'
      Content-Type:
      - application/json
      Date:
      - Thu, 11 Jun 2020 02:16:11 GMT
      Server:
      - nginx/1.15.1
      Vary:
      - Accept, Origin, Accept-Language, Cookie
      X-Frame-Options:
      - DENY
      X-XSS-Protection:
      - 1; mode=block
    status:
      code: 201
      message: Created
- request:
    body: null
    headers:
      Accept:
      - '*/*'
      Accept-Encoding:
      - gzip, deflate
      Authorization:
      - Bearer eyJ0eXAiOiJKV1QiLCJhbGciOiJSUzI1NiJ9.eyJ0b2tlbl90eXBlIjoiYWNjZXNzIiwiZXhwIjoxNTkxODQyMDI1LCJqdGkiOiJmZmYyNDRmOTY2M2Q0NzU4OWRlNGIwZDIxM2IwZWZmNCIsInVzZXJfaWQiOiJhN2ExYmYyNy00ZjVhLTRjMDYtOTZjMi0yZDgxMmM1MWI2MWYifQ.pzbZpGJiWRsYF-3au5YiFNiHcNDuYpu4z3IkHkzeFKF4FrL16-QmEvH-_h-SMx1fzF8sRLe4XA1wG1Tig1c6qSB4DPdhfDISIHBEgoZIt8W8f2dpHGgeT5_3jhvSKR8Vi0plGObcYAhcMLgQ9leA3rZlXYB7OoW4zTuZ8_JQRFGqF1MFYhZhrXSX8ozJCKorfv2n4fxri_Zk3CmU6VWdUE4zNxqJqmaYtPjVQxdtHqZicffa3ATqvXKopIPxyYfwERKtZe8fDkV0esPkuLmP4R5ZwmRWfiTNucJ5pvpT-oA5DUm1jP0anXg3ZdH6nbQeQKrUoZ7BczsxLv1EWXMaIg
      Connection:
      - keep-alive
      User-Agent:
      - python-requests/2.23.0
    method: GET
    uri: http://api.dev.documentcloud.org/api/projects/?title=Dupe&user=100098
  response:
    body:
      string: '{"count":2,"next":null,"previous":null,"results":[{"id":100254,"created_at":"2020-06-11T02:16:11.269338Z","description":"","edit_access":true,"private":true,"slug":"dupe","title":"Dupe","updated_at":"2020-06-11T02:16:11.269714Z","user":100098},{"id":100255,"created_at":"2020-06-11T02:16:11.418386Z","description":"","edit_access":true,"private":true,"slug":"dupe","title":"Dupe","updated_at":"2020-06-11T02:16:11.418753Z","user":100098}]}'
    headers:
      Allow:
      - GET, POST, HEAD, OPTIONS
      Connection:
      - keep-alive
      Content-Language:
      - en
      Content-Length:
      - '439'
      Content-Type:
      - application/json
      Date:
      - Thu, 11 Jun 2020 02:16:11 GMT
      Server:
      - nginx/1.15.1
      Vary:
      - Accept, Origin, Accept-Language, Cookie
      X-Frame-Options:
      - DENY
      X-XSS-Protection:
      - 1; mode=block
    status:
      code: 200
      message: OK
version: 1
