interactions:
- request:
    body: null
    headers:
      Accept:
      - '*/*'
      Accept-Encoding:
      - gzip, deflate
      Authorization:
      - Bearer eyJ0eXAiOiJKV1QiLCJhbGciOiJSUzI1NiJ9.eyJ0b2tlbl90eXBlIjoiYWNjZXNzIiwiZXhwIjoxNzU4NzMwNDkxLCJpYXQiOjE3NTg3MzAxOTEsImp0aSI6Ijk2N2ZlOTkxMDgzMjQyZmQ4NWUwZDBkYTJhOTJjMjE0IiwidXNlcl9pZCI6ImY2MDI5ZThhLWQ4YTItNDE4OC04YTIxLWNkMDczYTAyZWU1YyIsImF1ZCI6WyJzcXVhcmVsZXQiLCJtdWNrcm9jayIsImRvY3VtZW50Y2xvdWQiXSwiaXNzIjpbInNxdWFyZWxldCJdfQ.qiTrZeLNkzJe0_Ydn30VayDALDLMe9W1BrdZe0c6NICPtRckGHsr06fqF9pPsMmeWeiQ346x_CYsCrMqeN5twtcqnaRXFUtnvumAuAcxFeQetirhlOr5GhLLNPyNqdcmwCB-t1fbn6sx3rNd3g5j-aY0T8Ic5qBlhRkLZGn_QollLu9Wi_airw9OfnPYuDJzh8s6D7vnpVEH6Ft8Q7kEHeA_-yydsv1q-WFgm1gJMamwz94i9TT-tAZIJc3N98W1fBjmBCy1qV36P74PYKYzkbebhSuJMRsL1qDRskm32a6j3CsVYQA2KQro9EYE1zjJ62n6e4GSELVo9CAOZiM04Q
      Connection:
      - keep-alive
      User-Agent:
      - python-requests/2.32.5
    method: GET
    uri: https://api.dev.documentcloud.org/api/projects/
  response:
    body:
      string: '{"count":8,"next":null,"previous":null,"results":[{"id":200002,"created_at":"2025-09-23T20:04:30.521887Z","description":"","edit_access":true,"add_remove_access":true,"private":true,"slug":"dupe","title":"Dupe","updated_at":"2025-09-23T20:04:30.522210Z","user":100000,"pinned":true},{"id":200050,"created_at":"2025-09-24T16:05:34.747386Z","description":"","edit_access":true,"add_remove_access":true,"private":true,"slug":"dupe","title":"Dupe","updated_at":"2025-09-24T16:05:34.747678Z","user":100000,"pinned":true},{"id":200054,"created_at":"2025-09-24T16:08:12.319014Z","description":"","edit_access":true,"add_remove_access":true,"private":true,"slug":"dupe","title":"Dupe","updated_at":"2025-09-24T16:08:12.319479Z","user":100000,"pinned":true},{"id":200010,"created_at":"2025-09-23T20:11:38.974659Z","description":"","edit_access":null,"add_remove_access":null,"private":false,"slug":"nep","title":"nep","updated_at":"2025-09-23T20:11:38.974977Z","user":100001,"pinned":false},{"id":200022,"created_at":"2025-09-23T22:44:55.563164Z","description":"","edit_access":true,"add_remove_access":true,"private":true,"slug":"project-factory","title":"Project
        Factory","updated_at":"2025-09-23T22:44:55.563292Z","user":100000,"pinned":true},{"id":200057,"created_at":"2025-09-24T16:09:18.182482Z","description":"","edit_access":true,"add_remove_access":true,"private":true,"slug":"project-factory","title":"Project
        Factory","updated_at":"2025-09-24T16:09:18.182658Z","user":100000,"pinned":true},{"id":200004,"created_at":"2025-09-23T20:05:41.461995Z","description":"","edit_access":true,"add_remove_access":true,"private":false,"slug":"test-3","title":"test-3","updated_at":"2025-09-23T20:05:41.462290Z","user":100000,"pinned":true},{"id":200056,"created_at":"2025-09-24T16:09:01.241768Z","description":"This
        is a project for testing","edit_access":true,"add_remove_access":true,"private":true,"slug":"this-is-a-project-for-testing-45fa0a7c-cdbc-479b-9c8f-c228b89681e7","title":"This
        is a project for testing 45fa0a7c-cdbc-479b-9c8f-c228b89681e7","updated_at":"2025-09-24T16:11:07.457177Z","user":100000,"pinned":true}]}'
    headers:
      Allow:
      - GET, POST, HEAD, OPTIONS
      Connection:
      - keep-alive
      Content-Language:
      - en
      Content-Length:
      - '2117'
      Content-Type:
      - application/json
      Cross-Origin-Opener-Policy:
      - same-origin
      Date:
      - Wed, 24 Sep 2025 16:11:16 GMT
      Referrer-Policy:
      - same-origin
      Server:
      - nginx/1.25.2
      Vary:
      - Accept, Origin, Accept-Language, Cookie
      X-Content-Type-Options:
      - nosniff
      X-Frame-Options:
      - DENY
    status:
      code: 200
      message: OK
- request:
    body: null
    headers:
      Accept:
      - '*/*'
      Accept-Encoding:
      - gzip, deflate
      Authorization:
      - Bearer eyJ0eXAiOiJKV1QiLCJhbGciOiJSUzI1NiJ9.eyJ0b2tlbl90eXBlIjoiYWNjZXNzIiwiZXhwIjoxNzU4NzMwNDkxLCJpYXQiOjE3NTg3MzAxOTEsImp0aSI6Ijk2N2ZlOTkxMDgzMjQyZmQ4NWUwZDBkYTJhOTJjMjE0IiwidXNlcl9pZCI6ImY2MDI5ZThhLWQ4YTItNDE4OC04YTIxLWNkMDczYTAyZWU1YyIsImF1ZCI6WyJzcXVhcmVsZXQiLCJtdWNrcm9jayIsImRvY3VtZW50Y2xvdWQiXSwiaXNzIjpbInNxdWFyZWxldCJdfQ.qiTrZeLNkzJe0_Ydn30VayDALDLMe9W1BrdZe0c6NICPtRckGHsr06fqF9pPsMmeWeiQ346x_CYsCrMqeN5twtcqnaRXFUtnvumAuAcxFeQetirhlOr5GhLLNPyNqdcmwCB-t1fbn6sx3rNd3g5j-aY0T8Ic5qBlhRkLZGn_QollLu9Wi_airw9OfnPYuDJzh8s6D7vnpVEH6Ft8Q7kEHeA_-yydsv1q-WFgm1gJMamwz94i9TT-tAZIJc3N98W1fBjmBCy1qV36P74PYKYzkbebhSuJMRsL1qDRskm32a6j3CsVYQA2KQro9EYE1zjJ62n6e4GSELVo9CAOZiM04Q
      Connection:
      - keep-alive
      User-Agent:
      - python-requests/2.32.5
    method: GET
    uri: https://api.dev.documentcloud.org/api/projects/?user=100000
  response:
    body:
      string: '{"count":7,"next":null,"previous":null,"results":[{"id":200002,"created_at":"2025-09-23T20:04:30.521887Z","description":"","edit_access":true,"add_remove_access":true,"private":true,"slug":"dupe","title":"Dupe","updated_at":"2025-09-23T20:04:30.522210Z","user":100000,"pinned":true},{"id":200050,"created_at":"2025-09-24T16:05:34.747386Z","description":"","edit_access":true,"add_remove_access":true,"private":true,"slug":"dupe","title":"Dupe","updated_at":"2025-09-24T16:05:34.747678Z","user":100000,"pinned":true},{"id":200054,"created_at":"2025-09-24T16:08:12.319014Z","description":"","edit_access":true,"add_remove_access":true,"private":true,"slug":"dupe","title":"Dupe","updated_at":"2025-09-24T16:08:12.319479Z","user":100000,"pinned":true},{"id":200022,"created_at":"2025-09-23T22:44:55.563164Z","description":"","edit_access":true,"add_remove_access":true,"private":true,"slug":"project-factory","title":"Project
        Factory","updated_at":"2025-09-23T22:44:55.563292Z","user":100000,"pinned":true},{"id":200057,"created_at":"2025-09-24T16:09:18.182482Z","description":"","edit_access":true,"add_remove_access":true,"private":true,"slug":"project-factory","title":"Project
        Factory","updated_at":"2025-09-24T16:09:18.182658Z","user":100000,"pinned":true},{"id":200004,"created_at":"2025-09-23T20:05:41.461995Z","description":"","edit_access":true,"add_remove_access":true,"private":false,"slug":"test-3","title":"test-3","updated_at":"2025-09-23T20:05:41.462290Z","user":100000,"pinned":true},{"id":200056,"created_at":"2025-09-24T16:09:01.241768Z","description":"This
        is a project for testing","edit_access":true,"add_remove_access":true,"private":true,"slug":"this-is-a-project-for-testing-45fa0a7c-cdbc-479b-9c8f-c228b89681e7","title":"This
        is a project for testing 45fa0a7c-cdbc-479b-9c8f-c228b89681e7","updated_at":"2025-09-24T16:11:07.457177Z","user":100000,"pinned":true}]}'
    headers:
      Allow:
      - GET, POST, HEAD, OPTIONS
      Connection:
      - keep-alive
      Content-Language:
      - en
      Content-Length:
      - '1884'
      Content-Type:
      - application/json
      Cross-Origin-Opener-Policy:
      - same-origin
      Date:
      - Wed, 24 Sep 2025 16:11:16 GMT
      Referrer-Policy:
      - same-origin
      Server:
      - nginx/1.25.2
      Vary:
      - Accept, Origin, Accept-Language, Cookie
      X-Content-Type-Options:
      - nosniff
      X-Frame-Options:
      - DENY
    status:
      code: 200
      message: OK
- request:
    body: null
    headers:
      Accept:
      - '*/*'
      Accept-Encoding:
      - gzip, deflate
      Authorization:
      - Bearer eyJ0eXAiOiJKV1QiLCJhbGciOiJSUzI1NiJ9.eyJ0b2tlbl90eXBlIjoiYWNjZXNzIiwiZXhwIjoxNzU4NzMwNDkxLCJpYXQiOjE3NTg3MzAxOTEsImp0aSI6Ijk2N2ZlOTkxMDgzMjQyZmQ4NWUwZDBkYTJhOTJjMjE0IiwidXNlcl9pZCI6ImY2MDI5ZThhLWQ4YTItNDE4OC04YTIxLWNkMDczYTAyZWU1YyIsImF1ZCI6WyJzcXVhcmVsZXQiLCJtdWNrcm9jayIsImRvY3VtZW50Y2xvdWQiXSwiaXNzIjpbInNxdWFyZWxldCJdfQ.qiTrZeLNkzJe0_Ydn30VayDALDLMe9W1BrdZe0c6NICPtRckGHsr06fqF9pPsMmeWeiQ346x_CYsCrMqeN5twtcqnaRXFUtnvumAuAcxFeQetirhlOr5GhLLNPyNqdcmwCB-t1fbn6sx3rNd3g5j-aY0T8Ic5qBlhRkLZGn_QollLu9Wi_airw9OfnPYuDJzh8s6D7vnpVEH6Ft8Q7kEHeA_-yydsv1q-WFgm1gJMamwz94i9TT-tAZIJc3N98W1fBjmBCy1qV36P74PYKYzkbebhSuJMRsL1qDRskm32a6j3CsVYQA2KQro9EYE1zjJ62n6e4GSELVo9CAOZiM04Q
      Connection:
      - keep-alive
      User-Agent:
      - python-requests/2.32.5
    method: GET
    uri: https://api.dev.documentcloud.org/api/projects/?user=100000
  response:
    body:
      string: '{"count":7,"next":null,"previous":null,"results":[{"id":200002,"created_at":"2025-09-23T20:04:30.521887Z","description":"","edit_access":true,"add_remove_access":true,"private":true,"slug":"dupe","title":"Dupe","updated_at":"2025-09-23T20:04:30.522210Z","user":100000,"pinned":true},{"id":200050,"created_at":"2025-09-24T16:05:34.747386Z","description":"","edit_access":true,"add_remove_access":true,"private":true,"slug":"dupe","title":"Dupe","updated_at":"2025-09-24T16:05:34.747678Z","user":100000,"pinned":true},{"id":200054,"created_at":"2025-09-24T16:08:12.319014Z","description":"","edit_access":true,"add_remove_access":true,"private":true,"slug":"dupe","title":"Dupe","updated_at":"2025-09-24T16:08:12.319479Z","user":100000,"pinned":true},{"id":200022,"created_at":"2025-09-23T22:44:55.563164Z","description":"","edit_access":true,"add_remove_access":true,"private":true,"slug":"project-factory","title":"Project
        Factory","updated_at":"2025-09-23T22:44:55.563292Z","user":100000,"pinned":true},{"id":200057,"created_at":"2025-09-24T16:09:18.182482Z","description":"","edit_access":true,"add_remove_access":true,"private":true,"slug":"project-factory","title":"Project
        Factory","updated_at":"2025-09-24T16:09:18.182658Z","user":100000,"pinned":true},{"id":200004,"created_at":"2025-09-23T20:05:41.461995Z","description":"","edit_access":true,"add_remove_access":true,"private":false,"slug":"test-3","title":"test-3","updated_at":"2025-09-23T20:05:41.462290Z","user":100000,"pinned":true},{"id":200056,"created_at":"2025-09-24T16:09:01.241768Z","description":"This
        is a project for testing","edit_access":true,"add_remove_access":true,"private":true,"slug":"this-is-a-project-for-testing-45fa0a7c-cdbc-479b-9c8f-c228b89681e7","title":"This
        is a project for testing 45fa0a7c-cdbc-479b-9c8f-c228b89681e7","updated_at":"2025-09-24T16:11:07.457177Z","user":100000,"pinned":true}]}'
    headers:
      Allow:
      - GET, POST, HEAD, OPTIONS
      Connection:
      - keep-alive
      Content-Language:
      - en
      Content-Length:
      - '1884'
      Content-Type:
      - application/json
      Cross-Origin-Opener-Policy:
      - same-origin
      Date:
      - Wed, 24 Sep 2025 16:11:16 GMT
      Referrer-Policy:
      - same-origin
      Server:
      - nginx/1.25.2
      Vary:
      - Accept, Origin, Accept-Language, Cookie
      X-Content-Type-Options:
      - nosniff
      X-Frame-Options:
      - DENY
    status:
      code: 200
      message: OK
version: 1
