interactions:
- request:
    body: '{"title": "test", "file_url": "https://assets.documentcloud.org/documents/20071460/test.pdf"}'
    headers:
      Accept:
      - '*/*'
      Accept-Encoding:
      - gzip, deflate
      Authorization:
      - Bearer eyJ0eXAiOiJKV1QiLCJhbGciOiJSUzI1NiJ9.eyJ0b2tlbl90eXBlIjoiYWNjZXNzIiwiZXhwIjoxNTkxODgyOTk3LCJqdGkiOiIzY2JmNTQ1NTNjMDg0Mzg3ODAxN2Q0ZTE3OWJlYmNlZiIsInVzZXJfaWQiOiJhN2ExYmYyNy00ZjVhLTRjMDYtOTZjMi0yZDgxMmM1MWI2MWYifQ.GAsmaZfmM6YR_yVN2mBFKkPiWvt_rS5HyXRr_Xjrz76gq7m3ULlrJjnfsSiBvL6QEBTw-QjgbsN6iUXa73UWM1yhAGT579HH_Y2dr9T9McAkEZocXwjJmEV-yZGjSof_I1EfswG2kPPTtsGJhLrzeMIV32og3MSjl2lvrsIzpo4a23ZgAMMSNXD9jdU70AtUjczISkju5U-qI-6K7CNyaVH-3cozRjghAY7tUolIKFBRT5lfhfqTu0sFPPRPdX8wtIw8cCR_sZwGWGmlSGL912xKCgk7Domcxi453x2L2UI57iJBlc_06RnslgNWxaniEoDDbt_11ntAyNkl7JZJSg
      Connection:
      - keep-alive
      Content-Length:
      - '93'
      Content-Type:
      - application/json
      User-Agent:
      - python-requests/2.23.0
    method: POST
    uri: http://api.dev.documentcloud.org/api/documents/
  response:
    body:
      string: '{"id":10000786,"access":"private","asset_url":"http://api.dev.documentcloud.org/files/","canonical_url":"http://www.dev.documentcloud.org/documents/10000786-test","created_at":"2020-06-11T13:38:25.193444Z","data":{},"description":"","edit_access":true,"language":"eng","organization":11343,"page_count":0,"page_spec":"","projects":[],"related_article":"","published_url":"","slug":"test","source":"","status":"nofile","title":"test","updated_at":"2020-06-11T13:38:25.193905Z","user":100098}'
    headers:
      Allow:
      - GET, POST, PUT, PATCH, DELETE, HEAD, OPTIONS
      Cache-Control:
      - no-cache
      Connection:
      - keep-alive
      Content-Language:
      - en
      Content-Length:
      - '490'
      Content-Type:
      - application/json
      Date:
      - Thu, 11 Jun 2020 13:38:25 GMT
      Server:
      - nginx/1.15.1
      Vary:
      - Accept, Origin, Accept-Language, Cookie
      X-Frame-Options:
      - DENY
      X-XSS-Protection:
      - 1; mode=block
    status:
      code: 201
      message: Created
- request:
    body: null
    headers:
      Accept:
      - '*/*'
      Accept-Encoding:
      - gzip, deflate
      Authorization:
      - Bearer eyJ0eXAiOiJKV1QiLCJhbGciOiJSUzI1NiJ9.eyJ0b2tlbl90eXBlIjoiYWNjZXNzIiwiZXhwIjoxNTkxODgyOTk3LCJqdGkiOiIzY2JmNTQ1NTNjMDg0Mzg3ODAxN2Q0ZTE3OWJlYmNlZiIsInVzZXJfaWQiOiJhN2ExYmYyNy00ZjVhLTRjMDYtOTZjMi0yZDgxMmM1MWI2MWYifQ.GAsmaZfmM6YR_yVN2mBFKkPiWvt_rS5HyXRr_Xjrz76gq7m3ULlrJjnfsSiBvL6QEBTw-QjgbsN6iUXa73UWM1yhAGT579HH_Y2dr9T9McAkEZocXwjJmEV-yZGjSof_I1EfswG2kPPTtsGJhLrzeMIV32og3MSjl2lvrsIzpo4a23ZgAMMSNXD9jdU70AtUjczISkju5U-qI-6K7CNyaVH-3cozRjghAY7tUolIKFBRT5lfhfqTu0sFPPRPdX8wtIw8cCR_sZwGWGmlSGL912xKCgk7Domcxi453x2L2UI57iJBlc_06RnslgNWxaniEoDDbt_11ntAyNkl7JZJSg
      Connection:
      - keep-alive
      User-Agent:
      - python-requests/2.23.0
    method: GET
    uri: http://api.dev.documentcloud.org/api/documents/10000786/
  response:
    body:
      string: '{"id":10000786,"access":"private","asset_url":"http://api.dev.documentcloud.org/files/","canonical_url":"http://www.dev.documentcloud.org/documents/10000786-test","created_at":"2020-06-11T13:38:25.193444Z","data":{},"description":"","edit_access":true,"language":"eng","organization":11343,"page_count":0,"page_spec":"","projects":[],"related_article":"","published_url":"","slug":"test","source":"","status":"pending","title":"test","updated_at":"2020-06-11T13:38:25.619907Z","user":100098}'
    headers:
      Allow:
      - GET, PUT, PATCH, DELETE, HEAD, OPTIONS
      Cache-Control:
      - private, no-cache
      Connection:
      - keep-alive
      Content-Language:
      - en
      Content-Length:
      - '491'
      Content-Type:
      - application/json
      Date:
      - Thu, 11 Jun 2020 13:38:26 GMT
      Server:
      - nginx/1.15.1
      Vary:
      - Cookie, Accept, Origin, Accept-Language
      X-Frame-Options:
      - DENY
      X-XSS-Protection:
      - 1; mode=block
    status:
      code: 200
      message: OK
- request:
    body: null
    headers:
      Accept:
      - '*/*'
      Accept-Encoding:
      - gzip, deflate
      Authorization:
      - Bearer eyJ0eXAiOiJKV1QiLCJhbGciOiJSUzI1NiJ9.eyJ0b2tlbl90eXBlIjoiYWNjZXNzIiwiZXhwIjoxNTkxODgyOTk3LCJqdGkiOiIzY2JmNTQ1NTNjMDg0Mzg3ODAxN2Q0ZTE3OWJlYmNlZiIsInVzZXJfaWQiOiJhN2ExYmYyNy00ZjVhLTRjMDYtOTZjMi0yZDgxMmM1MWI2MWYifQ.GAsmaZfmM6YR_yVN2mBFKkPiWvt_rS5HyXRr_Xjrz76gq7m3ULlrJjnfsSiBvL6QEBTw-QjgbsN6iUXa73UWM1yhAGT579HH_Y2dr9T9McAkEZocXwjJmEV-yZGjSof_I1EfswG2kPPTtsGJhLrzeMIV32og3MSjl2lvrsIzpo4a23ZgAMMSNXD9jdU70AtUjczISkju5U-qI-6K7CNyaVH-3cozRjghAY7tUolIKFBRT5lfhfqTu0sFPPRPdX8wtIw8cCR_sZwGWGmlSGL912xKCgk7Domcxi453x2L2UI57iJBlc_06RnslgNWxaniEoDDbt_11ntAyNkl7JZJSg
      Connection:
      - keep-alive
      User-Agent:
      - python-requests/2.23.0
    method: GET
    uri: http://api.dev.documentcloud.org/api/documents/10000786/
  response:
    body:
      string: '{"id":10000786,"access":"private","asset_url":"http://api.dev.documentcloud.org/files/","canonical_url":"http://www.dev.documentcloud.org/documents/10000786-test","created_at":"2020-06-11T13:38:25.193444Z","data":{},"description":"","edit_access":true,"language":"eng","organization":11343,"page_count":1,"page_spec":"","projects":[],"related_article":"","published_url":"","slug":"test","source":"","status":"pending","title":"test","updated_at":"2020-06-11T13:38:26.455321Z","user":100098}'
    headers:
      Allow:
      - GET, PUT, PATCH, DELETE, HEAD, OPTIONS
      Cache-Control:
      - private, no-cache
      Connection:
      - keep-alive
      Content-Language:
      - en
      Content-Length:
      - '491'
      Content-Type:
      - application/json
      Date:
      - Thu, 11 Jun 2020 13:38:27 GMT
      Server:
      - nginx/1.15.1
      Vary:
      - Cookie, Accept, Origin, Accept-Language
      X-Frame-Options:
      - DENY
      X-XSS-Protection:
      - 1; mode=block
    status:
      code: 200
      message: OK
- request:
    body: null
    headers:
      Accept:
      - '*/*'
      Accept-Encoding:
      - gzip, deflate
      Authorization:
      - Bearer eyJ0eXAiOiJKV1QiLCJhbGciOiJSUzI1NiJ9.eyJ0b2tlbl90eXBlIjoiYWNjZXNzIiwiZXhwIjoxNTkxODgyOTk3LCJqdGkiOiIzY2JmNTQ1NTNjMDg0Mzg3ODAxN2Q0ZTE3OWJlYmNlZiIsInVzZXJfaWQiOiJhN2ExYmYyNy00ZjVhLTRjMDYtOTZjMi0yZDgxMmM1MWI2MWYifQ.GAsmaZfmM6YR_yVN2mBFKkPiWvt_rS5HyXRr_Xjrz76gq7m3ULlrJjnfsSiBvL6QEBTw-QjgbsN6iUXa73UWM1yhAGT579HH_Y2dr9T9McAkEZocXwjJmEV-yZGjSof_I1EfswG2kPPTtsGJhLrzeMIV32og3MSjl2lvrsIzpo4a23ZgAMMSNXD9jdU70AtUjczISkju5U-qI-6K7CNyaVH-3cozRjghAY7tUolIKFBRT5lfhfqTu0sFPPRPdX8wtIw8cCR_sZwGWGmlSGL912xKCgk7Domcxi453x2L2UI57iJBlc_06RnslgNWxaniEoDDbt_11ntAyNkl7JZJSg
      Connection:
      - keep-alive
      User-Agent:
      - python-requests/2.23.0
    method: GET
    uri: http://api.dev.documentcloud.org/api/documents/10000786/
  response:
    body:
      string: '{"id":10000786,"access":"private","asset_url":"http://api.dev.documentcloud.org/files/","canonical_url":"http://www.dev.documentcloud.org/documents/10000786-test","created_at":"2020-06-11T13:38:25.193444Z","data":{},"description":"","edit_access":true,"language":"eng","organization":11343,"page_count":1,"page_spec":"612.0x792.0:0","projects":[],"related_article":"","published_url":"","slug":"test","source":"","status":"pending","title":"test","updated_at":"2020-06-11T13:38:28.158940Z","user":100098}'
    headers:
      Allow:
      - GET, PUT, PATCH, DELETE, HEAD, OPTIONS
      Cache-Control:
      - private, no-cache
      Connection:
      - keep-alive
      Content-Language:
      - en
      Content-Length:
      - '504'
      Content-Type:
      - application/json
      Date:
      - Thu, 11 Jun 2020 13:38:28 GMT
      Server:
      - nginx/1.15.1
      Vary:
      - Cookie, Accept, Origin, Accept-Language
      X-Frame-Options:
      - DENY
      X-XSS-Protection:
      - 1; mode=block
    status:
      code: 200
      message: OK
- request:
    body: null
    headers:
      Accept:
      - '*/*'
      Accept-Encoding:
      - gzip, deflate
      Authorization:
      - Bearer eyJ0eXAiOiJKV1QiLCJhbGciOiJSUzI1NiJ9.eyJ0b2tlbl90eXBlIjoiYWNjZXNzIiwiZXhwIjoxNTkxODgyOTk3LCJqdGkiOiIzY2JmNTQ1NTNjMDg0Mzg3ODAxN2Q0ZTE3OWJlYmNlZiIsInVzZXJfaWQiOiJhN2ExYmYyNy00ZjVhLTRjMDYtOTZjMi0yZDgxMmM1MWI2MWYifQ.GAsmaZfmM6YR_yVN2mBFKkPiWvt_rS5HyXRr_Xjrz76gq7m3ULlrJjnfsSiBvL6QEBTw-QjgbsN6iUXa73UWM1yhAGT579HH_Y2dr9T9McAkEZocXwjJmEV-yZGjSof_I1EfswG2kPPTtsGJhLrzeMIV32og3MSjl2lvrsIzpo4a23ZgAMMSNXD9jdU70AtUjczISkju5U-qI-6K7CNyaVH-3cozRjghAY7tUolIKFBRT5lfhfqTu0sFPPRPdX8wtIw8cCR_sZwGWGmlSGL912xKCgk7Domcxi453x2L2UI57iJBlc_06RnslgNWxaniEoDDbt_11ntAyNkl7JZJSg
      Connection:
      - keep-alive
      User-Agent:
      - python-requests/2.23.0
    method: GET
    uri: http://api.dev.documentcloud.org/api/documents/10000786/
  response:
    body:
      string: '{"id":10000786,"access":"private","asset_url":"http://api.dev.documentcloud.org/files/","canonical_url":"http://www.dev.documentcloud.org/documents/10000786-test","created_at":"2020-06-11T13:38:25.193444Z","data":{},"description":"","edit_access":true,"language":"eng","organization":11343,"page_count":1,"page_spec":"612.0x792.0:0","projects":[],"related_article":"","published_url":"","slug":"test","source":"","status":"success","title":"test","updated_at":"2020-06-11T13:38:28.775106Z","user":100098}'
    headers:
      Allow:
      - GET, PUT, PATCH, DELETE, HEAD, OPTIONS
      Cache-Control:
      - private, no-cache
      Connection:
      - keep-alive
      Content-Language:
      - en
      Content-Length:
      - '504'
      Content-Type:
      - application/json
      Date:
      - Thu, 11 Jun 2020 13:38:29 GMT
      Server:
      - nginx/1.15.1
      Vary:
      - Cookie, Accept, Origin, Accept-Language
      X-Frame-Options:
      - DENY
      X-XSS-Protection:
      - 1; mode=block
    status:
      code: 200
      message: OK
- request:
    body: null
    headers:
      Accept:
      - '*/*'
      Accept-Encoding:
      - gzip, deflate
      Authorization:
      - Bearer eyJ0eXAiOiJKV1QiLCJhbGciOiJSUzI1NiJ9.eyJ0b2tlbl90eXBlIjoiYWNjZXNzIiwiZXhwIjoxNTkxODgyOTk3LCJqdGkiOiIzY2JmNTQ1NTNjMDg0Mzg3ODAxN2Q0ZTE3OWJlYmNlZiIsInVzZXJfaWQiOiJhN2ExYmYyNy00ZjVhLTRjMDYtOTZjMi0yZDgxMmM1MWI2MWYifQ.GAsmaZfmM6YR_yVN2mBFKkPiWvt_rS5HyXRr_Xjrz76gq7m3ULlrJjnfsSiBvL6QEBTw-QjgbsN6iUXa73UWM1yhAGT579HH_Y2dr9T9McAkEZocXwjJmEV-yZGjSof_I1EfswG2kPPTtsGJhLrzeMIV32og3MSjl2lvrsIzpo4a23ZgAMMSNXD9jdU70AtUjczISkju5U-qI-6K7CNyaVH-3cozRjghAY7tUolIKFBRT5lfhfqTu0sFPPRPdX8wtIw8cCR_sZwGWGmlSGL912xKCgk7Domcxi453x2L2UI57iJBlc_06RnslgNWxaniEoDDbt_11ntAyNkl7JZJSg
      Connection:
      - keep-alive
      User-Agent:
      - python-requests/2.23.0
    method: GET
    uri: http://api.dev.documentcloud.org/api/documents/10000786/sections/
  response:
    body:
      string: '{"count":0,"next":null,"previous":null,"results":[]}'
    headers:
      Allow:
      - GET, POST, HEAD, OPTIONS
      Cache-Control:
      - no-cache
      Connection:
      - keep-alive
      Content-Language:
      - en
      Content-Length:
      - '52'
      Content-Type:
      - application/json
      Date:
      - Thu, 11 Jun 2020 13:38:29 GMT
      Server:
      - nginx/1.15.1
      Vary:
      - Accept, Origin, Accept-Language, Cookie
      X-Frame-Options:
      - DENY
      X-XSS-Protection:
      - 1; mode=block
    status:
      code: 200
      message: OK
- request:
    body: '{"title": "Test Section", "page_number": 0}'
    headers:
      Accept:
      - '*/*'
      Accept-Encoding:
      - gzip, deflate
      Authorization:
      - Bearer eyJ0eXAiOiJKV1QiLCJhbGciOiJSUzI1NiJ9.eyJ0b2tlbl90eXBlIjoiYWNjZXNzIiwiZXhwIjoxNTkxODgyOTk3LCJqdGkiOiIzY2JmNTQ1NTNjMDg0Mzg3ODAxN2Q0ZTE3OWJlYmNlZiIsInVzZXJfaWQiOiJhN2ExYmYyNy00ZjVhLTRjMDYtOTZjMi0yZDgxMmM1MWI2MWYifQ.GAsmaZfmM6YR_yVN2mBFKkPiWvt_rS5HyXRr_Xjrz76gq7m3ULlrJjnfsSiBvL6QEBTw-QjgbsN6iUXa73UWM1yhAGT579HH_Y2dr9T9McAkEZocXwjJmEV-yZGjSof_I1EfswG2kPPTtsGJhLrzeMIV32og3MSjl2lvrsIzpo4a23ZgAMMSNXD9jdU70AtUjczISkju5U-qI-6K7CNyaVH-3cozRjghAY7tUolIKFBRT5lfhfqTu0sFPPRPdX8wtIw8cCR_sZwGWGmlSGL912xKCgk7Domcxi453x2L2UI57iJBlc_06RnslgNWxaniEoDDbt_11ntAyNkl7JZJSg
      Connection:
      - keep-alive
      Content-Length:
      - '43'
      Content-Type:
      - application/json
      User-Agent:
      - python-requests/2.23.0
    method: POST
    uri: http://api.dev.documentcloud.org/api/documents/10000786/sections/
  response:
    body:
      string: '{"id":672,"page_number":0,"title":"Test Section"}'
    headers:
      Allow:
      - GET, POST, HEAD, OPTIONS
      Cache-Control:
      - no-cache
      Connection:
      - keep-alive
      Content-Language:
      - en
      Content-Length:
      - '49'
      Content-Type:
      - application/json
      Date:
      - Thu, 11 Jun 2020 13:38:30 GMT
      Server:
      - nginx/1.15.1
      Vary:
      - Accept, Origin, Accept-Language, Cookie
      X-Frame-Options:
      - DENY
      X-XSS-Protection:
      - 1; mode=block
    status:
      code: 201
      message: Created
- request:
    body: null
    headers:
      Accept:
      - '*/*'
      Accept-Encoding:
      - gzip, deflate
      Authorization:
      - Bearer eyJ0eXAiOiJKV1QiLCJhbGciOiJSUzI1NiJ9.eyJ0b2tlbl90eXBlIjoiYWNjZXNzIiwiZXhwIjoxNTkxODgyOTk3LCJqdGkiOiIzY2JmNTQ1NTNjMDg0Mzg3ODAxN2Q0ZTE3OWJlYmNlZiIsInVzZXJfaWQiOiJhN2ExYmYyNy00ZjVhLTRjMDYtOTZjMi0yZDgxMmM1MWI2MWYifQ.GAsmaZfmM6YR_yVN2mBFKkPiWvt_rS5HyXRr_Xjrz76gq7m3ULlrJjnfsSiBvL6QEBTw-QjgbsN6iUXa73UWM1yhAGT579HH_Y2dr9T9McAkEZocXwjJmEV-yZGjSof_I1EfswG2kPPTtsGJhLrzeMIV32og3MSjl2lvrsIzpo4a23ZgAMMSNXD9jdU70AtUjczISkju5U-qI-6K7CNyaVH-3cozRjghAY7tUolIKFBRT5lfhfqTu0sFPPRPdX8wtIw8cCR_sZwGWGmlSGL912xKCgk7Domcxi453x2L2UI57iJBlc_06RnslgNWxaniEoDDbt_11ntAyNkl7JZJSg
      Connection:
      - keep-alive
      User-Agent:
      - python-requests/2.23.0
    method: GET
    uri: http://api.dev.documentcloud.org/api/documents/10000786/sections/
  response:
    body:
      string: '{"count":1,"next":null,"previous":null,"results":[{"id":672,"page_number":0,"title":"Test
        Section"}]}'
    headers:
      Allow:
      - GET, POST, HEAD, OPTIONS
      Cache-Control:
      - no-cache
      Connection:
      - keep-alive
      Content-Language:
      - en
      Content-Length:
      - '101'
      Content-Type:
      - application/json
      Date:
      - Thu, 11 Jun 2020 13:38:30 GMT
      Server:
      - nginx/1.15.1
      Vary:
      - Accept, Origin, Accept-Language, Cookie
      X-Frame-Options:
      - DENY
      X-XSS-Protection:
      - 1; mode=block
    status:
      code: 200
      message: OK
version: 1
