interactions:
- request:
    body: '{"title": "test", "file_url": "https://assets.documentcloud.org/documents/20071460/test.pdf"}'
    headers:
      Accept:
      - '*/*'
      Accept-Encoding:
      - gzip, deflate
      Authorization:
      - Bearer eyJ0eXAiOiJKV1QiLCJhbGciOiJSUzI1NiJ9.eyJ0b2tlbl90eXBlIjoiYWNjZXNzIiwiZXhwIjoxNTkxODgyOTU5LCJqdGkiOiI2NzMwZThhYjQ5YmY0YWRmOGI3YjI4ODRiYTA0OGU5MCIsInVzZXJfaWQiOiJhN2ExYmYyNy00ZjVhLTRjMDYtOTZjMi0yZDgxMmM1MWI2MWYifQ.cCenw65BmD9ZifBZ0ObgtssIswM9h0r0v0Tgh_Gh2Q4l9kWvKiJDTu0vnkS-iSZhLwhAAswjC5Fu7UjM-reptmNcItPnsVA8B3A9-bVfVSjGrvtTS16Ss-rMyjfGfoYktnEPmkh4CsyyvN7f7RNnqfuBo1ysMBcT_uLCCuf8TwpSZbvqj8YeP5vjkDkOiZ3KeGLY6gg9-3NAngNeUnnINpn26pxRSUpHLwI7nJ01-B5GiAG2kbhzDGSJULWu8TXjHB_TKFiSZRCg8NHeXkX-iRpAR2SYZbi6NHu_nu5jB5vuAX0lbJxyXB9TqVqK0HQzAwpbuNtKKvX-cUJjVqJE5A
      Connection:
      - keep-alive
      Content-Length:
      - '93'
      Content-Type:
      - application/json
      User-Agent:
      - python-requests/2.23.0
    method: POST
    uri: http://api.dev.documentcloud.org/api/documents/
  response:
    body:
      string: '{"id":10000782,"access":"private","asset_url":"http://api.dev.documentcloud.org/files/","canonical_url":"http://www.dev.documentcloud.org/documents/10000782-test","created_at":"2020-06-11T13:38:03.485631Z","data":{},"description":"","edit_access":true,"language":"eng","organization":11343,"page_count":0,"page_spec":"","projects":[],"related_article":"","published_url":"","slug":"test","source":"","status":"nofile","title":"test","updated_at":"2020-06-11T13:38:03.486095Z","user":100098}'
    headers:
      Allow:
      - GET, POST, PUT, PATCH, DELETE, HEAD, OPTIONS
      Cache-Control:
      - no-cache
      Connection:
      - keep-alive
      Content-Language:
      - en
      Content-Length:
      - '490'
      Content-Type:
      - application/json
      Date:
      - Thu, 11 Jun 2020 13:38:03 GMT
      Server:
      - nginx/1.15.1
      Vary:
      - Accept, Origin, Accept-Language, Cookie
      X-Frame-Options:
      - DENY
      X-XSS-Protection:
      - 1; mode=block
    status:
      code: 201
      message: Created
- request:
    body: null
    headers:
      Accept:
      - '*/*'
      Accept-Encoding:
      - gzip, deflate
      Authorization:
      - Bearer eyJ0eXAiOiJKV1QiLCJhbGciOiJSUzI1NiJ9.eyJ0b2tlbl90eXBlIjoiYWNjZXNzIiwiZXhwIjoxNTkxODgyOTU5LCJqdGkiOiI2NzMwZThhYjQ5YmY0YWRmOGI3YjI4ODRiYTA0OGU5MCIsInVzZXJfaWQiOiJhN2ExYmYyNy00ZjVhLTRjMDYtOTZjMi0yZDgxMmM1MWI2MWYifQ.cCenw65BmD9ZifBZ0ObgtssIswM9h0r0v0Tgh_Gh2Q4l9kWvKiJDTu0vnkS-iSZhLwhAAswjC5Fu7UjM-reptmNcItPnsVA8B3A9-bVfVSjGrvtTS16Ss-rMyjfGfoYktnEPmkh4CsyyvN7f7RNnqfuBo1ysMBcT_uLCCuf8TwpSZbvqj8YeP5vjkDkOiZ3KeGLY6gg9-3NAngNeUnnINpn26pxRSUpHLwI7nJ01-B5GiAG2kbhzDGSJULWu8TXjHB_TKFiSZRCg8NHeXkX-iRpAR2SYZbi6NHu_nu5jB5vuAX0lbJxyXB9TqVqK0HQzAwpbuNtKKvX-cUJjVqJE5A
      Connection:
      - keep-alive
      User-Agent:
      - python-requests/2.23.0
    method: GET
    uri: http://api.dev.documentcloud.org/api/documents/10000782/
  response:
    body:
      string: '{"id":10000782,"access":"private","asset_url":"http://api.dev.documentcloud.org/files/","canonical_url":"http://www.dev.documentcloud.org/documents/10000782-test","created_at":"2020-06-11T13:38:03.485631Z","data":{},"description":"","edit_access":true,"language":"eng","organization":11343,"page_count":0,"page_spec":"","projects":[],"related_article":"","published_url":"","slug":"test","source":"","status":"pending","title":"test","updated_at":"2020-06-11T13:38:04.006323Z","user":100098}'
    headers:
      Allow:
      - GET, PUT, PATCH, DELETE, HEAD, OPTIONS
      Cache-Control:
      - private, no-cache
      Connection:
      - keep-alive
      Content-Language:
      - en
      Content-Length:
      - '491'
      Content-Type:
      - application/json
      Date:
      - Thu, 11 Jun 2020 13:38:04 GMT
      Server:
      - nginx/1.15.1
      Vary:
      - Cookie, Accept, Origin, Accept-Language
      X-Frame-Options:
      - DENY
      X-XSS-Protection:
      - 1; mode=block
    status:
      code: 200
      message: OK
- request:
    body: null
    headers:
      Accept:
      - '*/*'
      Accept-Encoding:
      - gzip, deflate
      Authorization:
      - Bearer eyJ0eXAiOiJKV1QiLCJhbGciOiJSUzI1NiJ9.eyJ0b2tlbl90eXBlIjoiYWNjZXNzIiwiZXhwIjoxNTkxODgyOTU5LCJqdGkiOiI2NzMwZThhYjQ5YmY0YWRmOGI3YjI4ODRiYTA0OGU5MCIsInVzZXJfaWQiOiJhN2ExYmYyNy00ZjVhLTRjMDYtOTZjMi0yZDgxMmM1MWI2MWYifQ.cCenw65BmD9ZifBZ0ObgtssIswM9h0r0v0Tgh_Gh2Q4l9kWvKiJDTu0vnkS-iSZhLwhAAswjC5Fu7UjM-reptmNcItPnsVA8B3A9-bVfVSjGrvtTS16Ss-rMyjfGfoYktnEPmkh4CsyyvN7f7RNnqfuBo1ysMBcT_uLCCuf8TwpSZbvqj8YeP5vjkDkOiZ3KeGLY6gg9-3NAngNeUnnINpn26pxRSUpHLwI7nJ01-B5GiAG2kbhzDGSJULWu8TXjHB_TKFiSZRCg8NHeXkX-iRpAR2SYZbi6NHu_nu5jB5vuAX0lbJxyXB9TqVqK0HQzAwpbuNtKKvX-cUJjVqJE5A
      Connection:
      - keep-alive
      User-Agent:
      - python-requests/2.23.0
    method: GET
    uri: http://api.dev.documentcloud.org/api/documents/10000782/
  response:
    body:
      string: '{"id":10000782,"access":"private","asset_url":"http://api.dev.documentcloud.org/files/","canonical_url":"http://www.dev.documentcloud.org/documents/10000782-test","created_at":"2020-06-11T13:38:03.485631Z","data":{},"description":"","edit_access":true,"language":"eng","organization":11343,"page_count":1,"page_spec":"","projects":[],"related_article":"","published_url":"","slug":"test","source":"","status":"pending","title":"test","updated_at":"2020-06-11T13:38:04.794338Z","user":100098}'
    headers:
      Allow:
      - GET, PUT, PATCH, DELETE, HEAD, OPTIONS
      Cache-Control:
      - private, no-cache
      Connection:
      - keep-alive
      Content-Language:
      - en
      Content-Length:
      - '491'
      Content-Type:
      - application/json
      Date:
      - Thu, 11 Jun 2020 13:38:05 GMT
      Server:
      - nginx/1.15.1
      Vary:
      - Cookie, Accept, Origin, Accept-Language
      X-Frame-Options:
      - DENY
      X-XSS-Protection:
      - 1; mode=block
    status:
      code: 200
      message: OK
- request:
    body: null
    headers:
      Accept:
      - '*/*'
      Accept-Encoding:
      - gzip, deflate
      Authorization:
      - Bearer eyJ0eXAiOiJKV1QiLCJhbGciOiJSUzI1NiJ9.eyJ0b2tlbl90eXBlIjoiYWNjZXNzIiwiZXhwIjoxNTkxODgyOTU5LCJqdGkiOiI2NzMwZThhYjQ5YmY0YWRmOGI3YjI4ODRiYTA0OGU5MCIsInVzZXJfaWQiOiJhN2ExYmYyNy00ZjVhLTRjMDYtOTZjMi0yZDgxMmM1MWI2MWYifQ.cCenw65BmD9ZifBZ0ObgtssIswM9h0r0v0Tgh_Gh2Q4l9kWvKiJDTu0vnkS-iSZhLwhAAswjC5Fu7UjM-reptmNcItPnsVA8B3A9-bVfVSjGrvtTS16Ss-rMyjfGfoYktnEPmkh4CsyyvN7f7RNnqfuBo1ysMBcT_uLCCuf8TwpSZbvqj8YeP5vjkDkOiZ3KeGLY6gg9-3NAngNeUnnINpn26pxRSUpHLwI7nJ01-B5GiAG2kbhzDGSJULWu8TXjHB_TKFiSZRCg8NHeXkX-iRpAR2SYZbi6NHu_nu5jB5vuAX0lbJxyXB9TqVqK0HQzAwpbuNtKKvX-cUJjVqJE5A
      Connection:
      - keep-alive
      User-Agent:
      - python-requests/2.23.0
    method: GET
    uri: http://api.dev.documentcloud.org/api/documents/10000782/
  response:
    body:
      string: '{"id":10000782,"access":"private","asset_url":"http://api.dev.documentcloud.org/files/","canonical_url":"http://www.dev.documentcloud.org/documents/10000782-test","created_at":"2020-06-11T13:38:03.485631Z","data":{},"description":"","edit_access":true,"language":"eng","organization":11343,"page_count":1,"page_spec":"","projects":[],"related_article":"","published_url":"","slug":"test","source":"","status":"pending","title":"test","updated_at":"2020-06-11T13:38:04.794338Z","user":100098}'
    headers:
      Allow:
      - GET, PUT, PATCH, DELETE, HEAD, OPTIONS
      Cache-Control:
      - private, no-cache
      Connection:
      - keep-alive
      Content-Language:
      - en
      Content-Length:
      - '491'
      Content-Type:
      - application/json
      Date:
      - Thu, 11 Jun 2020 13:38:07 GMT
      Server:
      - nginx/1.15.1
      Vary:
      - Cookie, Accept, Origin, Accept-Language
      X-Frame-Options:
      - DENY
      X-XSS-Protection:
      - 1; mode=block
    status:
      code: 200
      message: OK
- request:
    body: null
    headers:
      Accept:
      - '*/*'
      Accept-Encoding:
      - gzip, deflate
      Authorization:
      - Bearer eyJ0eXAiOiJKV1QiLCJhbGciOiJSUzI1NiJ9.eyJ0b2tlbl90eXBlIjoiYWNjZXNzIiwiZXhwIjoxNTkxODgyOTU5LCJqdGkiOiI2NzMwZThhYjQ5YmY0YWRmOGI3YjI4ODRiYTA0OGU5MCIsInVzZXJfaWQiOiJhN2ExYmYyNy00ZjVhLTRjMDYtOTZjMi0yZDgxMmM1MWI2MWYifQ.cCenw65BmD9ZifBZ0ObgtssIswM9h0r0v0Tgh_Gh2Q4l9kWvKiJDTu0vnkS-iSZhLwhAAswjC5Fu7UjM-reptmNcItPnsVA8B3A9-bVfVSjGrvtTS16Ss-rMyjfGfoYktnEPmkh4CsyyvN7f7RNnqfuBo1ysMBcT_uLCCuf8TwpSZbvqj8YeP5vjkDkOiZ3KeGLY6gg9-3NAngNeUnnINpn26pxRSUpHLwI7nJ01-B5GiAG2kbhzDGSJULWu8TXjHB_TKFiSZRCg8NHeXkX-iRpAR2SYZbi6NHu_nu5jB5vuAX0lbJxyXB9TqVqK0HQzAwpbuNtKKvX-cUJjVqJE5A
      Connection:
      - keep-alive
      User-Agent:
      - python-requests/2.23.0
    method: GET
    uri: http://api.dev.documentcloud.org/api/documents/10000782/
  response:
    body:
      string: '{"id":10000782,"access":"private","asset_url":"http://api.dev.documentcloud.org/files/","canonical_url":"http://www.dev.documentcloud.org/documents/10000782-test","created_at":"2020-06-11T13:38:03.485631Z","data":{},"description":"","edit_access":true,"language":"eng","organization":11343,"page_count":1,"page_spec":"612.0x792.0:0","projects":[],"related_article":"","published_url":"","slug":"test","source":"","status":"success","title":"test","updated_at":"2020-06-11T13:38:07.712518Z","user":100098}'
    headers:
      Allow:
      - GET, PUT, PATCH, DELETE, HEAD, OPTIONS
      Cache-Control:
      - private, no-cache
      Connection:
      - keep-alive
      Content-Language:
      - en
      Content-Length:
      - '504'
      Content-Type:
      - application/json
      Date:
      - Thu, 11 Jun 2020 13:38:08 GMT
      Server:
      - nginx/1.15.1
      Vary:
      - Cookie, Accept, Origin, Accept-Language
      X-Frame-Options:
      - DENY
      X-XSS-Protection:
      - 1; mode=block
    status:
      code: 200
      message: OK
- request:
    body: null
    headers:
      Accept:
      - '*/*'
      Accept-Encoding:
      - gzip, deflate
      Authorization:
      - Bearer eyJ0eXAiOiJKV1QiLCJhbGciOiJSUzI1NiJ9.eyJ0b2tlbl90eXBlIjoiYWNjZXNzIiwiZXhwIjoxNTkxODgyOTU5LCJqdGkiOiI2NzMwZThhYjQ5YmY0YWRmOGI3YjI4ODRiYTA0OGU5MCIsInVzZXJfaWQiOiJhN2ExYmYyNy00ZjVhLTRjMDYtOTZjMi0yZDgxMmM1MWI2MWYifQ.cCenw65BmD9ZifBZ0ObgtssIswM9h0r0v0Tgh_Gh2Q4l9kWvKiJDTu0vnkS-iSZhLwhAAswjC5Fu7UjM-reptmNcItPnsVA8B3A9-bVfVSjGrvtTS16Ss-rMyjfGfoYktnEPmkh4CsyyvN7f7RNnqfuBo1ysMBcT_uLCCuf8TwpSZbvqj8YeP5vjkDkOiZ3KeGLY6gg9-3NAngNeUnnINpn26pxRSUpHLwI7nJ01-B5GiAG2kbhzDGSJULWu8TXjHB_TKFiSZRCg8NHeXkX-iRpAR2SYZbi6NHu_nu5jB5vuAX0lbJxyXB9TqVqK0HQzAwpbuNtKKvX-cUJjVqJE5A
      Connection:
      - keep-alive
      User-Agent:
      - python-requests/2.23.0
    method: GET
    uri: http://api.dev.documentcloud.org/api/projects/100300/documents/?per_page=100&expand=document
  response:
    body:
      string: '{"count":2,"next":null,"previous":null,"results":[{"document":{"id":10000780,"access":"private","asset_url":"http://api.dev.documentcloud.org/files/","canonical_url":"http://www.dev.documentcloud.org/documents/10000780-test","created_at":"2020-06-11T13:37:39.609758Z","data":{},"description":"","edit_access":true,"language":"eng","organization":11343,"page_count":1,"page_spec":"612.0x792.0:0","presigned_url":"https://documentcloud-dev-mjk.s3.amazonaws.com/documents/10000780/test.pdf?X-Amz-Algorithm=AWS4-HMAC-SHA256&X-Amz-Credential=AKIA4JBBEJ7KWPNZQB7I%2F20200611%2Fus-east-1%2Fs3%2Faws4_request&X-Amz-Date=20200611T133808Z&X-Amz-Expires=300&X-Amz-SignedHeaders=host&X-Amz-Signature=10186ddacb031ab078629c66272bc0b642c914e541409fadbc459fba7a9ad3c8","projects":[100300],"related_article":"","published_url":"","slug":"test","source":"","status":"success","title":"test","updated_at":"2020-06-11T13:37:43.908729Z","user":100098},"edit_access":true},{"document":{"id":10000781,"access":"private","asset_url":"http://api.dev.documentcloud.org/files/","canonical_url":"http://www.dev.documentcloud.org/documents/10000781-test","created_at":"2020-06-11T13:37:44.837874Z","data":{"_tag":["document"]},"description":"A
        simple test document","edit_access":true,"language":"eng","organization":11343,"page_count":1,"page_spec":"612.0x792.0:0","presigned_url":"https://documentcloud-dev-mjk.s3.amazonaws.com/documents/10000781/test.pdf?X-Amz-Algorithm=AWS4-HMAC-SHA256&X-Amz-Credential=AKIA4JBBEJ7KWPNZQB7I%2F20200611%2Fus-east-1%2Fs3%2Faws4_request&X-Amz-Date=20200611T133808Z&X-Amz-Expires=300&X-Amz-SignedHeaders=host&X-Amz-Signature=8bbce821376870952340b83db2e815ab2081af0f3f363b7a14d990755024f567","projects":[100300],"related_article":"https://www.example.com/article/","published_url":"https://www.example.com/article/test.pdf","slug":"test","source":"DocumentCloud","status":"success","title":"test","updated_at":"2020-06-11T13:37:48.703028Z","user":100098},"edit_access":true}]}'
    headers:
      Allow:
      - GET, POST, PUT, PATCH, DELETE, HEAD, OPTIONS
      Connection:
      - keep-alive
      Content-Language:
      - en
      Content-Length:
      - '1981'
      Content-Type:
      - application/json
      Date:
      - Thu, 11 Jun 2020 13:38:08 GMT
      Server:
      - nginx/1.15.1
      Vary:
      - Accept, Origin, Accept-Language, Cookie
      X-Frame-Options:
      - DENY
      X-XSS-Protection:
      - 1; mode=block
    status:
      code: 200
      message: OK
version: 1
