interactions:
- request:
    body: '{"title": "test", "access": "private", "description": "A simple test document",
      "related_article": "https://www.example.com/article/", "published_url": "https://www.example.com/article/test.pdf",
      "source": "DocumentCloud", "data": {"_tag": ["document"]}, "projects": [100176],
      "file_url": "https://assets.documentcloud.org/documents/20071460/test.pdf"}'
    headers:
      Accept:
      - '*/*'
      Accept-Encoding:
      - gzip, deflate
      Authorization:
      - Bearer eyJ0eXAiOiJKV1QiLCJhbGciOiJSUzI1NiJ9.eyJ0b2tlbl90eXBlIjoiYWNjZXNzIiwiZXhwIjoxNTkxNzEyNzM0LCJqdGkiOiI3NzgwY2U0NzAwM2E0ZGY5OTc4MWE2ZDY3YjBiYjUwOSIsInVzZXJfaWQiOiJhN2ExYmYyNy00ZjVhLTRjMDYtOTZjMi0yZDgxMmM1MWI2MWYifQ.af4AlI5RLh1Ws1Qrkdj6HdlR0TYNXz1gJhe_12umsT4lxrBsF1HMFaEnCNW3Vxcno5bNM6b9EMNeiZD2DPeUOGKfSQ-QRAEfxaGHmuL0EndcHqbGNzhX2ewdAyupHpp6kCimcjk03hUvr8WtY9h3wFm5ynxLRFE8EG1fOqMLw9GO_auHGdS6GOVZRHTr9fOQWY2bncJQeJG-gLtDaumtXnW0wBmQyD1XpnFf67WUfzL7qdjfGjq5pD-NfAsdj1IHJvgRTz2qrMpmgZ-g0nb7uEsH--SLhfJYjks0GJ7PG5KoNRAFaFYcov5dCixBt1hagD4_-49HDVf76ehi-H0TwQ
      Connection:
      - keep-alive
      Content-Length:
      - '352'
      Content-Type:
      - application/json
      User-Agent:
      - python-requests/2.23.0
    method: POST
    uri: http://api.dev.documentcloud.org/api/documents/
  response:
    body:
      string: '{"id":10000416,"access":"private","asset_url":"http://api.dev.documentcloud.org/files/","canonical_url":"http://www.dev.documentcloud.org/documents/10000416-test","created_at":"2020-06-09T14:20:39.957973Z","data":{"_tag":["document"]},"description":"A
        simple test document","edit_access":true,"language":"eng","organization":11343,"page_count":0,"page_spec":"","projects":[100176],"related_article":"https://www.example.com/article/","published_url":"https://www.example.com/article/test.pdf","slug":"test","source":"DocumentCloud","status":"nofile","title":"test","updated_at":"2020-06-09T14:20:39.958426Z","user":100098}'
    headers:
      Allow:
      - GET, POST, PUT, PATCH, DELETE, HEAD, OPTIONS
      Cache-Control:
      - no-cache
      Connection:
      - keep-alive
      Content-Language:
      - en
      Content-Length:
      - '622'
      Content-Type:
      - application/json
      Date:
      - Tue, 09 Jun 2020 14:20:40 GMT
      Server:
      - nginx/1.15.1
      Vary:
      - Accept, Origin, Accept-Language, Cookie
      X-Frame-Options:
      - DENY
      X-XSS-Protection:
      - 1; mode=block
    status:
      code: 201
      message: Created
- request:
    body: null
    headers:
      Accept:
      - '*/*'
      Accept-Encoding:
      - gzip, deflate
      Authorization:
      - Bearer eyJ0eXAiOiJKV1QiLCJhbGciOiJSUzI1NiJ9.eyJ0b2tlbl90eXBlIjoiYWNjZXNzIiwiZXhwIjoxNTkxNzEyNzM0LCJqdGkiOiI3NzgwY2U0NzAwM2E0ZGY5OTc4MWE2ZDY3YjBiYjUwOSIsInVzZXJfaWQiOiJhN2ExYmYyNy00ZjVhLTRjMDYtOTZjMi0yZDgxMmM1MWI2MWYifQ.af4AlI5RLh1Ws1Qrkdj6HdlR0TYNXz1gJhe_12umsT4lxrBsF1HMFaEnCNW3Vxcno5bNM6b9EMNeiZD2DPeUOGKfSQ-QRAEfxaGHmuL0EndcHqbGNzhX2ewdAyupHpp6kCimcjk03hUvr8WtY9h3wFm5ynxLRFE8EG1fOqMLw9GO_auHGdS6GOVZRHTr9fOQWY2bncJQeJG-gLtDaumtXnW0wBmQyD1XpnFf67WUfzL7qdjfGjq5pD-NfAsdj1IHJvgRTz2qrMpmgZ-g0nb7uEsH--SLhfJYjks0GJ7PG5KoNRAFaFYcov5dCixBt1hagD4_-49HDVf76ehi-H0TwQ
      Connection:
      - keep-alive
      User-Agent:
      - python-requests/2.23.0
    method: GET
    uri: http://api.dev.documentcloud.org/api/documents/10000416/
  response:
    body:
      string: '{"id":10000416,"access":"private","asset_url":"http://api.dev.documentcloud.org/files/","canonical_url":"http://www.dev.documentcloud.org/documents/10000416-test","created_at":"2020-06-09T14:20:39.957973Z","data":{"_tag":["document"]},"description":"A
        simple test document","edit_access":true,"language":"eng","organization":11343,"page_count":0,"page_spec":"","projects":[100176],"related_article":"https://www.example.com/article/","published_url":"https://www.example.com/article/test.pdf","slug":"test","source":"DocumentCloud","status":"pending","title":"test","updated_at":"2020-06-09T14:20:40.424391Z","user":100098}'
    headers:
      Allow:
      - GET, PUT, PATCH, DELETE, HEAD, OPTIONS
      Cache-Control:
      - private, no-cache
      Connection:
      - keep-alive
      Content-Language:
      - en
      Content-Length:
      - '623'
      Content-Type:
      - application/json
      Date:
      - Tue, 09 Jun 2020 14:20:41 GMT
      Server:
      - nginx/1.15.1
      Vary:
      - Cookie, Accept, Origin, Accept-Language
      X-Frame-Options:
      - DENY
      X-XSS-Protection:
      - 1; mode=block
    status:
      code: 200
      message: OK
- request:
    body: null
    headers:
      Accept:
      - '*/*'
      Accept-Encoding:
      - gzip, deflate
      Authorization:
      - Bearer eyJ0eXAiOiJKV1QiLCJhbGciOiJSUzI1NiJ9.eyJ0b2tlbl90eXBlIjoiYWNjZXNzIiwiZXhwIjoxNTkxNzEyNzM0LCJqdGkiOiI3NzgwY2U0NzAwM2E0ZGY5OTc4MWE2ZDY3YjBiYjUwOSIsInVzZXJfaWQiOiJhN2ExYmYyNy00ZjVhLTRjMDYtOTZjMi0yZDgxMmM1MWI2MWYifQ.af4AlI5RLh1Ws1Qrkdj6HdlR0TYNXz1gJhe_12umsT4lxrBsF1HMFaEnCNW3Vxcno5bNM6b9EMNeiZD2DPeUOGKfSQ-QRAEfxaGHmuL0EndcHqbGNzhX2ewdAyupHpp6kCimcjk03hUvr8WtY9h3wFm5ynxLRFE8EG1fOqMLw9GO_auHGdS6GOVZRHTr9fOQWY2bncJQeJG-gLtDaumtXnW0wBmQyD1XpnFf67WUfzL7qdjfGjq5pD-NfAsdj1IHJvgRTz2qrMpmgZ-g0nb7uEsH--SLhfJYjks0GJ7PG5KoNRAFaFYcov5dCixBt1hagD4_-49HDVf76ehi-H0TwQ
      Connection:
      - keep-alive
      User-Agent:
      - python-requests/2.23.0
    method: GET
    uri: http://api.dev.documentcloud.org/api/documents/10000416/
  response:
    body:
      string: '{"id":10000416,"access":"private","asset_url":"http://api.dev.documentcloud.org/files/","canonical_url":"http://www.dev.documentcloud.org/documents/10000416-test","created_at":"2020-06-09T14:20:39.957973Z","data":{"_tag":["document"]},"description":"A
        simple test document","edit_access":true,"language":"eng","organization":11343,"page_count":1,"page_spec":"","projects":[100176],"related_article":"https://www.example.com/article/","published_url":"https://www.example.com/article/test.pdf","slug":"test","source":"DocumentCloud","status":"pending","title":"test","updated_at":"2020-06-09T14:20:41.096249Z","user":100098}'
    headers:
      Allow:
      - GET, PUT, PATCH, DELETE, HEAD, OPTIONS
      Cache-Control:
      - private, no-cache
      Connection:
      - keep-alive
      Content-Language:
      - en
      Content-Length:
      - '623'
      Content-Type:
      - application/json
      Date:
      - Tue, 09 Jun 2020 14:20:42 GMT
      Server:
      - nginx/1.15.1
      Vary:
      - Cookie, Accept, Origin, Accept-Language
      X-Frame-Options:
      - DENY
      X-XSS-Protection:
      - 1; mode=block
    status:
      code: 200
      message: OK
- request:
    body: null
    headers:
      Accept:
      - '*/*'
      Accept-Encoding:
      - gzip, deflate
      Authorization:
      - Bearer eyJ0eXAiOiJKV1QiLCJhbGciOiJSUzI1NiJ9.eyJ0b2tlbl90eXBlIjoiYWNjZXNzIiwiZXhwIjoxNTkxNzEyNzM0LCJqdGkiOiI3NzgwY2U0NzAwM2E0ZGY5OTc4MWE2ZDY3YjBiYjUwOSIsInVzZXJfaWQiOiJhN2ExYmYyNy00ZjVhLTRjMDYtOTZjMi0yZDgxMmM1MWI2MWYifQ.af4AlI5RLh1Ws1Qrkdj6HdlR0TYNXz1gJhe_12umsT4lxrBsF1HMFaEnCNW3Vxcno5bNM6b9EMNeiZD2DPeUOGKfSQ-QRAEfxaGHmuL0EndcHqbGNzhX2ewdAyupHpp6kCimcjk03hUvr8WtY9h3wFm5ynxLRFE8EG1fOqMLw9GO_auHGdS6GOVZRHTr9fOQWY2bncJQeJG-gLtDaumtXnW0wBmQyD1XpnFf67WUfzL7qdjfGjq5pD-NfAsdj1IHJvgRTz2qrMpmgZ-g0nb7uEsH--SLhfJYjks0GJ7PG5KoNRAFaFYcov5dCixBt1hagD4_-49HDVf76ehi-H0TwQ
      Connection:
      - keep-alive
      User-Agent:
      - python-requests/2.23.0
    method: GET
    uri: http://api.dev.documentcloud.org/api/documents/10000416/
  response:
    body:
      string: '{"id":10000416,"access":"private","asset_url":"http://api.dev.documentcloud.org/files/","canonical_url":"http://www.dev.documentcloud.org/documents/10000416-test","created_at":"2020-06-09T14:20:39.957973Z","data":{"_tag":["document"]},"description":"A
        simple test document","edit_access":true,"language":"eng","organization":11343,"page_count":1,"page_spec":"612.0x792.0:0","projects":[100176],"related_article":"https://www.example.com/article/","published_url":"https://www.example.com/article/test.pdf","slug":"test","source":"DocumentCloud","status":"pending","title":"test","updated_at":"2020-06-09T14:20:43.261377Z","user":100098}'
    headers:
      Allow:
      - GET, PUT, PATCH, DELETE, HEAD, OPTIONS
      Cache-Control:
      - private, no-cache
      Connection:
      - keep-alive
      Content-Language:
      - en
      Content-Length:
      - '636'
      Content-Type:
      - application/json
      Date:
      - Tue, 09 Jun 2020 14:20:43 GMT
      Server:
      - nginx/1.15.1
      Vary:
      - Cookie, Accept, Origin, Accept-Language
      X-Frame-Options:
      - DENY
      X-XSS-Protection:
      - 1; mode=block
    status:
      code: 200
      message: OK
- request:
    body: null
    headers:
      Accept:
      - '*/*'
      Accept-Encoding:
      - gzip, deflate
      Authorization:
      - Bearer eyJ0eXAiOiJKV1QiLCJhbGciOiJSUzI1NiJ9.eyJ0b2tlbl90eXBlIjoiYWNjZXNzIiwiZXhwIjoxNTkxNzEyNzM0LCJqdGkiOiI3NzgwY2U0NzAwM2E0ZGY5OTc4MWE2ZDY3YjBiYjUwOSIsInVzZXJfaWQiOiJhN2ExYmYyNy00ZjVhLTRjMDYtOTZjMi0yZDgxMmM1MWI2MWYifQ.af4AlI5RLh1Ws1Qrkdj6HdlR0TYNXz1gJhe_12umsT4lxrBsF1HMFaEnCNW3Vxcno5bNM6b9EMNeiZD2DPeUOGKfSQ-QRAEfxaGHmuL0EndcHqbGNzhX2ewdAyupHpp6kCimcjk03hUvr8WtY9h3wFm5ynxLRFE8EG1fOqMLw9GO_auHGdS6GOVZRHTr9fOQWY2bncJQeJG-gLtDaumtXnW0wBmQyD1XpnFf67WUfzL7qdjfGjq5pD-NfAsdj1IHJvgRTz2qrMpmgZ-g0nb7uEsH--SLhfJYjks0GJ7PG5KoNRAFaFYcov5dCixBt1hagD4_-49HDVf76ehi-H0TwQ
      Connection:
      - keep-alive
      User-Agent:
      - python-requests/2.23.0
    method: GET
    uri: http://api.dev.documentcloud.org/api/documents/10000416/
  response:
    body:
      string: '{"id":10000416,"access":"private","asset_url":"http://api.dev.documentcloud.org/files/","canonical_url":"http://www.dev.documentcloud.org/documents/10000416-test","created_at":"2020-06-09T14:20:39.957973Z","data":{"_tag":["document"]},"description":"A
        simple test document","edit_access":true,"language":"eng","organization":11343,"page_count":1,"page_spec":"612.0x792.0:0","projects":[100176],"related_article":"https://www.example.com/article/","published_url":"https://www.example.com/article/test.pdf","slug":"test","source":"DocumentCloud","status":"success","title":"test","updated_at":"2020-06-09T14:20:43.810839Z","user":100098}'
    headers:
      Allow:
      - GET, PUT, PATCH, DELETE, HEAD, OPTIONS
      Cache-Control:
      - private, no-cache
      Connection:
      - keep-alive
      Content-Language:
      - en
      Content-Length:
      - '636'
      Content-Type:
      - application/json
      Date:
      - Tue, 09 Jun 2020 14:20:44 GMT
      Server:
      - nginx/1.15.1
      Vary:
      - Cookie, Accept, Origin, Accept-Language
      X-Frame-Options:
      - DENY
      X-XSS-Protection:
      - 1; mode=block
    status:
      code: 200
      message: OK
version: 1
