interactions:
- request:
    body: null
    headers:
      Accept:
      - '*/*'
      Accept-Encoding:
      - gzip, deflate
      Authorization:
      - Bearer eyJ0eXAiOiJKV1QiLCJhbGciOiJSUzI1NiJ9.eyJ0b2tlbl90eXBlIjoiYWNjZXNzIiwiZXhwIjoxNTkxODg2MjE0LCJqdGkiOiIwYjhkMTM1Y2FiOTA0NmQwYmNiYjBmNzk5YTM0NzkwZCIsInVzZXJfaWQiOiJhN2ExYmYyNy00ZjVhLTRjMDYtOTZjMi0yZDgxMmM1MWI2MWYifQ.d4TDqdOf07naCpAvG-ShGRTjt-FUbguc-wecbR4gWrzRVf7NRLoauLSaErrcpUhk1keGpuDze1zUOa-70V0u73SNUHFFBl2FSRd5pNCZBF5YKn5CKq4G7VsarITnd3xh3CwkUq0onKAtPfSzBQoppH2Z_AXLl1FvmxBiIFsJ7yKNarW950gSBoz2Tpa0EeIDywuV4smiF1SmYScJpN2F1ojOGWpAwyNPttR9XUJJJwLQu4VoVZkqrbCSz9B6mvm1fEpi53ljH2xQAXB8ff2DGGPlXKA5PhGFoGDppE27IDOYViEjjBW46-UGuSLrI4VZD007HrHz2j3NAOCRhA8b_A
      Connection:
      - keep-alive
      User-Agent:
      - python-requests/2.23.0
    method: GET
    uri: http://api.dev.documentcloud.org/api/documents/10000866/notes/
  response:
    body:
      string: '{"count":1,"next":null,"previous":null,"results":[{"id":1000070,"user":100098,"organization":11343,"page_number":0,"access":"private","edit_access":true,"title":"Test
        Note","content":"<h1>A note!</h1>","x1":0.1,"x2":0.2,"y1":0.1,"y2":0.2,"created_at":"2020-06-11T14:32:04.823363Z","updated_at":"2020-06-11T14:32:04.823702Z"}]}'
    headers:
      Allow:
      - GET, POST, HEAD, OPTIONS
      Cache-Control:
      - no-cache
      Connection:
      - keep-alive
      Content-Language:
      - en
      Content-Length:
      - '326'
      Content-Type:
      - application/json
      Date:
      - Thu, 11 Jun 2020 14:32:04 GMT
      Server:
      - nginx/1.15.1
      Vary:
      - Accept, Origin, Accept-Language, Cookie
      X-Frame-Options:
      - DENY
      X-XSS-Protection:
      - 1; mode=block
    status:
      code: 200
      message: OK
- request:
    body: '{"title": "Test Note", "page_number": 0, "content": "<p>Note content!</p>",
      "access": "private", "x1": 0.1, "y1": 0.1, "x2": 0.2, "y2": 0.2}'
    headers:
      Accept:
      - '*/*'
      Accept-Encoding:
      - gzip, deflate
      Authorization:
      - Bearer eyJ0eXAiOiJKV1QiLCJhbGciOiJSUzI1NiJ9.eyJ0b2tlbl90eXBlIjoiYWNjZXNzIiwiZXhwIjoxNTkxODg2MjE0LCJqdGkiOiIwYjhkMTM1Y2FiOTA0NmQwYmNiYjBmNzk5YTM0NzkwZCIsInVzZXJfaWQiOiJhN2ExYmYyNy00ZjVhLTRjMDYtOTZjMi0yZDgxMmM1MWI2MWYifQ.d4TDqdOf07naCpAvG-ShGRTjt-FUbguc-wecbR4gWrzRVf7NRLoauLSaErrcpUhk1keGpuDze1zUOa-70V0u73SNUHFFBl2FSRd5pNCZBF5YKn5CKq4G7VsarITnd3xh3CwkUq0onKAtPfSzBQoppH2Z_AXLl1FvmxBiIFsJ7yKNarW950gSBoz2Tpa0EeIDywuV4smiF1SmYScJpN2F1ojOGWpAwyNPttR9XUJJJwLQu4VoVZkqrbCSz9B6mvm1fEpi53ljH2xQAXB8ff2DGGPlXKA5PhGFoGDppE27IDOYViEjjBW46-UGuSLrI4VZD007HrHz2j3NAOCRhA8b_A
      Connection:
      - keep-alive
      Content-Length:
      - '140'
      Content-Type:
      - application/json
      User-Agent:
      - python-requests/2.23.0
    method: POST
    uri: http://api.dev.documentcloud.org/api/documents/10000866/notes/
  response:
    body:
      string: '{"id":1000071,"user":100098,"organization":11343,"page_number":0,"access":"private","edit_access":true,"title":"Test
        Note","content":"<p>Note content!</p>","x1":0.1,"x2":0.2,"y1":0.1,"y2":0.2,"created_at":"2020-06-11T14:32:05.093565Z","updated_at":"2020-06-11T14:32:05.093933Z"}'
    headers:
      Allow:
      - GET, POST, HEAD, OPTIONS
      Cache-Control:
      - no-cache
      Connection:
      - keep-alive
      Content-Language:
      - en
      Content-Length:
      - '278'
      Content-Type:
      - application/json
      Date:
      - Thu, 11 Jun 2020 14:32:05 GMT
      Server:
      - nginx/1.15.1
      Vary:
      - Accept, Origin, Accept-Language, Cookie
      X-Frame-Options:
      - DENY
      X-XSS-Protection:
      - 1; mode=block
    status:
      code: 201
      message: Created
- request:
    body: null
    headers:
      Accept:
      - '*/*'
      Accept-Encoding:
      - gzip, deflate
      Authorization:
      - Bearer eyJ0eXAiOiJKV1QiLCJhbGciOiJSUzI1NiJ9.eyJ0b2tlbl90eXBlIjoiYWNjZXNzIiwiZXhwIjoxNTkxODg2MjE0LCJqdGkiOiIwYjhkMTM1Y2FiOTA0NmQwYmNiYjBmNzk5YTM0NzkwZCIsInVzZXJfaWQiOiJhN2ExYmYyNy00ZjVhLTRjMDYtOTZjMi0yZDgxMmM1MWI2MWYifQ.d4TDqdOf07naCpAvG-ShGRTjt-FUbguc-wecbR4gWrzRVf7NRLoauLSaErrcpUhk1keGpuDze1zUOa-70V0u73SNUHFFBl2FSRd5pNCZBF5YKn5CKq4G7VsarITnd3xh3CwkUq0onKAtPfSzBQoppH2Z_AXLl1FvmxBiIFsJ7yKNarW950gSBoz2Tpa0EeIDywuV4smiF1SmYScJpN2F1ojOGWpAwyNPttR9XUJJJwLQu4VoVZkqrbCSz9B6mvm1fEpi53ljH2xQAXB8ff2DGGPlXKA5PhGFoGDppE27IDOYViEjjBW46-UGuSLrI4VZD007HrHz2j3NAOCRhA8b_A
      Connection:
      - keep-alive
      User-Agent:
      - python-requests/2.23.0
    method: GET
    uri: http://api.dev.documentcloud.org/api/documents/10000866/notes/
  response:
    body:
      string: '{"count":2,"next":null,"previous":null,"results":[{"id":1000071,"user":100098,"organization":11343,"page_number":0,"access":"private","edit_access":true,"title":"Test
        Note","content":"<p>Note content!</p>","x1":0.1,"x2":0.2,"y1":0.1,"y2":0.2,"created_at":"2020-06-11T14:32:05.093565Z","updated_at":"2020-06-11T14:32:05.093933Z"},{"id":1000070,"user":100098,"organization":11343,"page_number":0,"access":"private","edit_access":true,"title":"Test
        Note","content":"<h1>A note!</h1>","x1":0.1,"x2":0.2,"y1":0.1,"y2":0.2,"created_at":"2020-06-11T14:32:04.823363Z","updated_at":"2020-06-11T14:32:04.823702Z"}]}'
    headers:
      Allow:
      - GET, POST, HEAD, OPTIONS
      Cache-Control:
      - no-cache
      Connection:
      - keep-alive
      Content-Language:
      - en
      Content-Length:
      - '605'
      Content-Type:
      - application/json
      Date:
      - Thu, 11 Jun 2020 14:32:05 GMT
      Server:
      - nginx/1.15.1
      Vary:
      - Accept, Origin, Accept-Language, Cookie
      X-Frame-Options:
      - DENY
      X-XSS-Protection:
      - 1; mode=block
    status:
      code: 200
      message: OK
- request:
    body: null
    headers:
      Accept:
      - '*/*'
      Accept-Encoding:
      - gzip, deflate
      Authorization:
      - Bearer eyJ0eXAiOiJKV1QiLCJhbGciOiJSUzI1NiJ9.eyJ0b2tlbl90eXBlIjoiYWNjZXNzIiwiZXhwIjoxNTkxODg2MjE0LCJqdGkiOiIwYjhkMTM1Y2FiOTA0NmQwYmNiYjBmNzk5YTM0NzkwZCIsInVzZXJfaWQiOiJhN2ExYmYyNy00ZjVhLTRjMDYtOTZjMi0yZDgxMmM1MWI2MWYifQ.d4TDqdOf07naCpAvG-ShGRTjt-FUbguc-wecbR4gWrzRVf7NRLoauLSaErrcpUhk1keGpuDze1zUOa-70V0u73SNUHFFBl2FSRd5pNCZBF5YKn5CKq4G7VsarITnd3xh3CwkUq0onKAtPfSzBQoppH2Z_AXLl1FvmxBiIFsJ7yKNarW950gSBoz2Tpa0EeIDywuV4smiF1SmYScJpN2F1ojOGWpAwyNPttR9XUJJJwLQu4VoVZkqrbCSz9B6mvm1fEpi53ljH2xQAXB8ff2DGGPlXKA5PhGFoGDppE27IDOYViEjjBW46-UGuSLrI4VZD007HrHz2j3NAOCRhA8b_A
      Connection:
      - keep-alive
      User-Agent:
      - python-requests/2.23.0
    method: GET
    uri: http://api.dev.documentcloud.org/api/documents/10000866/notes/
  response:
    body:
      string: '{"count":2,"next":null,"previous":null,"results":[{"id":1000071,"user":100098,"organization":11343,"page_number":0,"access":"private","edit_access":true,"title":"Test
        Note","content":"<p>Note content!</p>","x1":0.1,"x2":0.2,"y1":0.1,"y2":0.2,"created_at":"2020-06-11T14:32:05.093565Z","updated_at":"2020-06-11T14:32:05.093933Z"},{"id":1000070,"user":100098,"organization":11343,"page_number":0,"access":"private","edit_access":true,"title":"Test
        Note","content":"<h1>A note!</h1>","x1":0.1,"x2":0.2,"y1":0.1,"y2":0.2,"created_at":"2020-06-11T14:32:04.823363Z","updated_at":"2020-06-11T14:32:04.823702Z"}]}'
    headers:
      Allow:
      - GET, POST, HEAD, OPTIONS
      Cache-Control:
      - no-cache
      Connection:
      - keep-alive
      Content-Language:
      - en
      Content-Length:
      - '605'
      Content-Type:
      - application/json
      Date:
      - Thu, 11 Jun 2020 14:32:05 GMT
      Server:
      - nginx/1.15.1
      Vary:
      - Accept, Origin, Accept-Language, Cookie
      X-Frame-Options:
      - DENY
      X-XSS-Protection:
      - 1; mode=block
    status:
      code: 200
      message: OK
- request:
    body: null
    headers:
      Accept:
      - '*/*'
      Accept-Encoding:
      - gzip, deflate
      Authorization:
      - Bearer eyJ0eXAiOiJKV1QiLCJhbGciOiJSUzI1NiJ9.eyJ0b2tlbl90eXBlIjoiYWNjZXNzIiwiZXhwIjoxNTkxODg2MjE0LCJqdGkiOiIwYjhkMTM1Y2FiOTA0NmQwYmNiYjBmNzk5YTM0NzkwZCIsInVzZXJfaWQiOiJhN2ExYmYyNy00ZjVhLTRjMDYtOTZjMi0yZDgxMmM1MWI2MWYifQ.d4TDqdOf07naCpAvG-ShGRTjt-FUbguc-wecbR4gWrzRVf7NRLoauLSaErrcpUhk1keGpuDze1zUOa-70V0u73SNUHFFBl2FSRd5pNCZBF5YKn5CKq4G7VsarITnd3xh3CwkUq0onKAtPfSzBQoppH2Z_AXLl1FvmxBiIFsJ7yKNarW950gSBoz2Tpa0EeIDywuV4smiF1SmYScJpN2F1ojOGWpAwyNPttR9XUJJJwLQu4VoVZkqrbCSz9B6mvm1fEpi53ljH2xQAXB8ff2DGGPlXKA5PhGFoGDppE27IDOYViEjjBW46-UGuSLrI4VZD007HrHz2j3NAOCRhA8b_A
      Connection:
      - keep-alive
      Content-Length:
      - '0'
      User-Agent:
      - python-requests/2.23.0
    method: DELETE
    uri: http://api.dev.documentcloud.org/api/documents/10000866/notes/1000070/
  response:
    body:
      string: ''
    headers:
      Allow:
      - GET, PUT, PATCH, DELETE, HEAD, OPTIONS
      Cache-Control:
      - no-cache
      Connection:
      - keep-alive
      Content-Language:
      - en
      Content-Length:
      - '0'
      Date:
      - Thu, 11 Jun 2020 14:32:05 GMT
      Server:
      - nginx/1.15.1
      Vary:
      - Accept, Origin, Accept-Language, Cookie
      X-Frame-Options:
      - DENY
      X-XSS-Protection:
      - 1; mode=block
    status:
      code: 204
      message: No Content
- request:
    body: null
    headers:
      Accept:
      - '*/*'
      Accept-Encoding:
      - gzip, deflate
      Authorization:
      - Bearer eyJ0eXAiOiJKV1QiLCJhbGciOiJSUzI1NiJ9.eyJ0b2tlbl90eXBlIjoiYWNjZXNzIiwiZXhwIjoxNTkxODg2MjE0LCJqdGkiOiIwYjhkMTM1Y2FiOTA0NmQwYmNiYjBmNzk5YTM0NzkwZCIsInVzZXJfaWQiOiJhN2ExYmYyNy00ZjVhLTRjMDYtOTZjMi0yZDgxMmM1MWI2MWYifQ.d4TDqdOf07naCpAvG-ShGRTjt-FUbguc-wecbR4gWrzRVf7NRLoauLSaErrcpUhk1keGpuDze1zUOa-70V0u73SNUHFFBl2FSRd5pNCZBF5YKn5CKq4G7VsarITnd3xh3CwkUq0onKAtPfSzBQoppH2Z_AXLl1FvmxBiIFsJ7yKNarW950gSBoz2Tpa0EeIDywuV4smiF1SmYScJpN2F1ojOGWpAwyNPttR9XUJJJwLQu4VoVZkqrbCSz9B6mvm1fEpi53ljH2xQAXB8ff2DGGPlXKA5PhGFoGDppE27IDOYViEjjBW46-UGuSLrI4VZD007HrHz2j3NAOCRhA8b_A
      Connection:
      - keep-alive
      User-Agent:
      - python-requests/2.23.0
    method: GET
    uri: http://api.dev.documentcloud.org/api/documents/10000866/notes/
  response:
    body:
      string: '{"count":1,"next":null,"previous":null,"results":[{"id":1000071,"user":100098,"organization":11343,"page_number":0,"access":"private","edit_access":true,"title":"Test
        Note","content":"<p>Note content!</p>","x1":0.1,"x2":0.2,"y1":0.1,"y2":0.2,"created_at":"2020-06-11T14:32:05.093565Z","updated_at":"2020-06-11T14:32:05.093933Z"}]}'
    headers:
      Allow:
      - GET, POST, HEAD, OPTIONS
      Cache-Control:
      - no-cache
      Connection:
      - keep-alive
      Content-Language:
      - en
      Content-Length:
      - '330'
      Content-Type:
      - application/json
      Date:
      - Thu, 11 Jun 2020 14:32:05 GMT
      Server:
      - nginx/1.15.1
      Vary:
      - Accept, Origin, Accept-Language, Cookie
      X-Frame-Options:
      - DENY
      X-XSS-Protection:
      - 1; mode=block
    status:
      code: 200
      message: OK
version: 1
